22:05:55 **** Incremental Build of configuration Debug for project l432kc ****
make -j12 all 
arm-none-eabi-gcc "../Core/Src/main.c" -mcpu=cortex-m4 -std=gnu11 -g3 -DDEBUG -DUSE_HAL_DRIVER -DSTM32L432xx -c -I../Core/Inc -I../Manager/Inc -I../Drivers/STM32L4xx_HAL_Driver/Inc -I../Drivers/STM32L4xx_HAL_Driver/Inc/Legacy -I../Drivers/CMSIS/Device/ST/STM32L4xx/Include -I../Drivers/CMSIS/Include -O0 -ffunction-sections -fdata-sections -Wall -fstack-usage -fcyclomatic-complexity -MMD -MP -MF"Core/Src/main.d" -MT"Core/Src/main.o" --specs=nano.specs -mfpu=fpv4-sp-d16 -mfloat-abi=hard -mthumb -o "Core/Src/main.o"
arm-none-eabi-gcc -o "l432kc.elf" @"objects.list"   -mcpu=cortex-m4 -T"C:\Users\Charles Henri\Desktop\ExoFlex\master\stm32\l432kc\STM32L432KCUX_FLASH.ld" --specs=nosys.specs -Wl,-Map="l432kc.map" -Wl,--gc-sections -static --specs=nano.specs -mfpu=fpv4-sp-d16 -mfloat-abi=hard -mthumb -Wl,--start-group -lc -lm -Wl,--end-group
Finished building target: l432kc.elf
 
arm-none-eabi-size   l432kc.elf 
arm-none-eabi-objdump -h -S  l432kc.elf  > "l432kc.list"
   text	   data	    bss	    dec	    hex	filename
  25908	     24	   1880	  27812	   6ca4	l432kc.elf
Finished building: default.size.stdout
 
Finished building: l432kc.list
 
22:05:58 **** Incremental Build of configuration Debug for project l432kc ****
make -j12 all 
arm-none-eabi-size   l432kc.elf 
   text	   data	    bss	    dec	    hex	filename
  25908	     24	   1880	  27812	   6ca4	l432kc.elf
Finished building: default.size.stdout
 
22:07:54 **** Incremental Build of configuration Debug for project l432kc ****
make -j12 all 
arm-none-eabi-gcc "../Core/Src/main.c" -mcpu=cortex-m4 -std=gnu11 -g3 -DDEBUG -DUSE_HAL_DRIVER -DSTM32L432xx -c -I../Core/Inc -I../Manager/Inc -I../Drivers/STM32L4xx_HAL_Driver/Inc -I../Drivers/STM32L4xx_HAL_Driver/Inc/Legacy -I../Drivers/CMSIS/Device/ST/STM32L4xx/Include -I../Drivers/CMSIS/Include -O0 -ffunction-sections -fdata-sections -Wall -fstack-usage -fcyclomatic-complexity -MMD -MP -MF"Core/Src/main.d" -MT"Core/Src/main.o" --specs=nano.specs -mfpu=fpv4-sp-d16 -mfloat-abi=hard -mthumb -o "Core/Src/main.o"
arm-none-eabi-gcc -o "l432kc.elf" @"objects.list"   -mcpu=cortex-m4 -T"C:\Users\Charles Henri\Desktop\ExoFlex\master\stm32\l432kc\STM32L432KCUX_FLASH.ld" --specs=nosys.specs -Wl,-Map="l432kc.map" -Wl,--gc-sections -static --specs=nano.specs -mfpu=fpv4-sp-d16 -mfloat-abi=hard -mthumb -Wl,--start-group -lc -lm -Wl,--end-group
Finished building target: l432kc.elf
 
arm-none-eabi-size   l432kc.elf 
arm-none-eabi-objdump -h -S  l432kc.elf  > "l432kc.list"
   text	   data	    bss	    dec	    hex	filename
  25912	     24	   1880	  27816	   6ca8	l432kc.elf
Finished building: default.size.stdout
 
Finished building: l432kc.list
 
22:08:42 **** Incremental Build of configuration Debug for project l432kc ****
make -j12 all 
arm-none-eabi-gcc "../Core/Src/main.c" -mcpu=cortex-m4 -std=gnu11 -g3 -DDEBUG -DUSE_HAL_DRIVER -DSTM32L432xx -c -I../Core/Inc -I../Manager/Inc -I../Drivers/STM32L4xx_HAL_Driver/Inc -I../Drivers/STM32L4xx_HAL_Driver/Inc/Legacy -I../Drivers/CMSIS/Device/ST/STM32L4xx/Include -I../Drivers/CMSIS/Include -O0 -ffunction-sections -fdata-sections -Wall -fstack-usage -fcyclomatic-complexity -MMD -MP -MF"Core/Src/main.d" -MT"Core/Src/main.o" --specs=nano.specs -mfpu=fpv4-sp-d16 -mfloat-abi=hard -mthumb -o "Core/Src/main.o"
arm-none-eabi-gcc -o "l432kc.elf" @"objects.list"   -mcpu=cortex-m4 -T"C:\Users\Charles Henri\Desktop\ExoFlex\master\stm32\l432kc\STM32L432KCUX_FLASH.ld" --specs=nosys.specs -Wl,-Map="l432kc.map" -Wl,--gc-sections -static --specs=nano.specs -mfpu=fpv4-sp-d16 -mfloat-abi=hard -mthumb -Wl,--start-group -lc -lm -Wl,--end-group
Finished building target: l432kc.elf
 
arm-none-eabi-size   l432kc.elf 
arm-none-eabi-objdump -h -S  l432kc.elf  > "l432kc.list"
   text	   data	    bss	    dec	    hex	filename
  25912	     24	   1880	  27816	   6ca8	l432kc.elf
Finished building: default.size.stdout
 
Finished building: l432kc.list
 
22:08:48 **** Incremental Build of configuration Debug for project l432kc ****
make -j12 all 
arm-none-eabi-gcc "../Core/Src/main.c" -mcpu=cortex-m4 -std=gnu11 -g3 -DDEBUG -DUSE_HAL_DRIVER -DSTM32L432xx -c -I../Core/Inc -I../Manager/Inc -I../Drivers/STM32L4xx_HAL_Driver/Inc -I../Drivers/STM32L4xx_HAL_Driver/Inc/Legacy -I../Drivers/CMSIS/Device/ST/STM32L4xx/Include -I../Drivers/CMSIS/Include -O0 -ffunction-sections -fdata-sections -Wall -fstack-usage -fcyclomatic-complexity -MMD -MP -MF"Core/Src/main.d" -MT"Core/Src/main.o" --specs=nano.specs -mfpu=fpv4-sp-d16 -mfloat-abi=hard -mthumb -o "Core/Src/main.o"
arm-none-eabi-gcc -o "l432kc.elf" @"objects.list"   -mcpu=cortex-m4 -T"C:\Users\Charles Henri\Desktop\ExoFlex\master\stm32\l432kc\STM32L432KCUX_FLASH.ld" --specs=nosys.specs -Wl,-Map="l432kc.map" -Wl,--gc-sections -static --specs=nano.specs -mfpu=fpv4-sp-d16 -mfloat-abi=hard -mthumb -Wl,--start-group -lc -lm -Wl,--end-group
Finished building target: l432kc.elf
 
arm-none-eabi-size   l432kc.elf 
arm-none-eabi-objdump -h -S  l432kc.elf  > "l432kc.list"
   text	   data	    bss	    dec	    hex	filename
  25912	     24	   1880	  27816	   6ca8	l432kc.elf
Finished building: default.size.stdout
 
Finished building: l432kc.list
 
22:30:03 **** Incremental Build of configuration Debug for project l432kc ****
make -j12 all 
arm-none-eabi-gcc "../Core/Src/main.c" -mcpu=cortex-m4 -std=gnu11 -g3 -DDEBUG -DUSE_HAL_DRIVER -DSTM32L432xx -c -I../Core/Inc -I../Manager/Inc -I../Drivers/STM32L4xx_HAL_Driver/Inc -I../Drivers/STM32L4xx_HAL_Driver/Inc/Legacy -I../Drivers/CMSIS/Device/ST/STM32L4xx/Include -I../Drivers/CMSIS/Include -O0 -ffunction-sections -fdata-sections -Wall -fstack-usage -fcyclomatic-complexity -MMD -MP -MF"Core/Src/main.d" -MT"Core/Src/main.o" --specs=nano.specs -mfpu=fpv4-sp-d16 -mfloat-abi=hard -mthumb -o "Core/Src/main.o"
arm-none-eabi-gcc -o "l432kc.elf" @"objects.list"   -mcpu=cortex-m4 -T"C:\Users\Charles Henri\Desktop\ExoFlex\master\stm32\l432kc\STM32L432KCUX_FLASH.ld" --specs=nosys.specs -Wl,-Map="l432kc.map" -Wl,--gc-sections -static --specs=nano.specs -mfpu=fpv4-sp-d16 -mfloat-abi=hard -mthumb -Wl,--start-group -lc -lm -Wl,--end-group
Finished building target: l432kc.elf
 
arm-none-eabi-size   l432kc.elf 
arm-none-eabi-objdump -h -S  l432kc.elf  > "l432kc.list"
   text	   data	    bss	    dec	    hex	filename
  25908	     24	   1880	  27812	   6ca4	l432kc.elf
Finished building: default.size.stdout
 
Finished building: l432kc.list
 
22:31:29 **** Incremental Build of configuration Debug for project l432kc ****
make -j12 all 
arm-none-eabi-gcc "../Core/Src/main.c" -mcpu=cortex-m4 -std=gnu11 -g3 -DDEBUG -DUSE_HAL_DRIVER -DSTM32L432xx -c -I../Core/Inc -I../Manager/Inc -I../Drivers/STM32L4xx_HAL_Driver/Inc -I../Drivers/STM32L4xx_HAL_Driver/Inc/Legacy -I../Drivers/CMSIS/Device/ST/STM32L4xx/Include -I../Drivers/CMSIS/Include -O0 -ffunction-sections -fdata-sections -Wall -fstack-usage -fcyclomatic-complexity -MMD -MP -MF"Core/Src/main.d" -MT"Core/Src/main.o" --specs=nano.specs -mfpu=fpv4-sp-d16 -mfloat-abi=hard -mthumb -o "Core/Src/main.o"
arm-none-eabi-gcc -o "l432kc.elf" @"objects.list"   -mcpu=cortex-m4 -T"C:\Users\Charles Henri\Desktop\ExoFlex\master\stm32\l432kc\STM32L432KCUX_FLASH.ld" --specs=nosys.specs -Wl,-Map="l432kc.map" -Wl,--gc-sections -static --specs=nano.specs -mfpu=fpv4-sp-d16 -mfloat-abi=hard -mthumb -Wl,--start-group -lc -lm -Wl,--end-group
Finished building target: l432kc.elf
 
arm-none-eabi-size   l432kc.elf 
arm-none-eabi-objdump -h -S  l432kc.elf  > "l432kc.list"
   text	   data	    bss	    dec	    hex	filename
  25912	     24	   1880	  27816	   6ca8	l432kc.elf
Finished building: default.size.stdout
 
Finished building: l432kc.list
 
22:40:18 **** Incremental Build of configuration Debug for project l432kc ****
make -j12 all 
arm-none-eabi-gcc "../Core/Src/main.c" -mcpu=cortex-m4 -std=gnu11 -g3 -DDEBUG -DUSE_HAL_DRIVER -DSTM32L432xx -c -I../Core/Inc -I../Manager/Inc -I../Drivers/STM32L4xx_HAL_Driver/Inc -I../Drivers/STM32L4xx_HAL_Driver/Inc/Legacy -I../Drivers/CMSIS/Device/ST/STM32L4xx/Include -I../Drivers/CMSIS/Include -O0 -ffunction-sections -fdata-sections -Wall -fstack-usage -fcyclomatic-complexity -MMD -MP -MF"Core/Src/main.d" -MT"Core/Src/main.o" --specs=nano.specs -mfpu=fpv4-sp-d16 -mfloat-abi=hard -mthumb -o "Core/Src/main.o"
arm-none-eabi-gcc -o "l432kc.elf" @"objects.list"   -mcpu=cortex-m4 -T"C:\Users\Charles Henri\Desktop\ExoFlex\master\stm32\l432kc\STM32L432KCUX_FLASH.ld" --specs=nosys.specs -Wl,-Map="l432kc.map" -Wl,--gc-sections -static --specs=nano.specs -mfpu=fpv4-sp-d16 -mfloat-abi=hard -mthumb -Wl,--start-group -lc -lm -Wl,--end-group
Finished building target: l432kc.elf
 
arm-none-eabi-size   l432kc.elf 
arm-none-eabi-objdump -h -S  l432kc.elf  > "l432kc.list"
   text	   data	    bss	    dec	    hex	filename
  25940	     24	   1880	  27844	   6cc4	l432kc.elf
Finished building: default.size.stdout
 
Finished building: l432kc.list
 
22:41:39 **** Incremental Build of configuration Debug for project l432kc ****
make -j12 all 
arm-none-eabi-gcc "../Core/Src/main.c" -mcpu=cortex-m4 -std=gnu11 -g3 -DDEBUG -DUSE_HAL_DRIVER -DSTM32L432xx -c -I../Core/Inc -I../Manager/Inc -I../Drivers/STM32L4xx_HAL_Driver/Inc -I../Drivers/STM32L4xx_HAL_Driver/Inc/Legacy -I../Drivers/CMSIS/Device/ST/STM32L4xx/Include -I../Drivers/CMSIS/Include -O0 -ffunction-sections -fdata-sections -Wall -fstack-usage -fcyclomatic-complexity -MMD -MP -MF"Core/Src/main.d" -MT"Core/Src/main.o" --specs=nano.specs -mfpu=fpv4-sp-d16 -mfloat-abi=hard -mthumb -o "Core/Src/main.o"
arm-none-eabi-gcc -o "l432kc.elf" @"objects.list"   -mcpu=cortex-m4 -T"C:\Users\Charles Henri\Desktop\ExoFlex\master\stm32\l432kc\STM32L432KCUX_FLASH.ld" --specs=nosys.specs -Wl,-Map="l432kc.map" -Wl,--gc-sections -static --specs=nano.specs -mfpu=fpv4-sp-d16 -mfloat-abi=hard -mthumb -Wl,--start-group -lc -lm -Wl,--end-group
Finished building target: l432kc.elf
 
arm-none-eabi-size   l432kc.elf 
arm-none-eabi-objdump -h -S  l432kc.elf  > "l432kc.list"
   text	   data	    bss	    dec	    hex	filename
  25940	     24	   1880	  27844	   6cc4	l432kc.elf
Finished building: default.size.stdout
 
Finished building: l432kc.list
 
22:42:29 **** Incremental Build of configuration Debug for project l432kc ****
make -j12 all 
arm-none-eabi-gcc "../Core/Src/main.c" -mcpu=cortex-m4 -std=gnu11 -g3 -DDEBUG -DUSE_HAL_DRIVER -DSTM32L432xx -c -I../Core/Inc -I../Manager/Inc -I../Drivers/STM32L4xx_HAL_Driver/Inc -I../Drivers/STM32L4xx_HAL_Driver/Inc/Legacy -I../Drivers/CMSIS/Device/ST/STM32L4xx/Include -I../Drivers/CMSIS/Include -O0 -ffunction-sections -fdata-sections -Wall -fstack-usage -fcyclomatic-complexity -MMD -MP -MF"Core/Src/main.d" -MT"Core/Src/main.o" --specs=nano.specs -mfpu=fpv4-sp-d16 -mfloat-abi=hard -mthumb -o "Core/Src/main.o"
arm-none-eabi-gcc -o "l432kc.elf" @"objects.list"   -mcpu=cortex-m4 -T"C:\Users\Charles Henri\Desktop\ExoFlex\master\stm32\l432kc\STM32L432KCUX_FLASH.ld" --specs=nosys.specs -Wl,-Map="l432kc.map" -Wl,--gc-sections -static --specs=nano.specs -mfpu=fpv4-sp-d16 -mfloat-abi=hard -mthumb -Wl,--start-group -lc -lm -Wl,--end-group
Finished building target: l432kc.elf
 
arm-none-eabi-size   l432kc.elf 
arm-none-eabi-objdump -h -S  l432kc.elf  > "l432kc.list"
   text	   data	    bss	    dec	    hex	filename
  25940	     24	   1880	  27844	   6cc4	l432kc.elf
Finished building: default.size.stdout
 
Finished building: l432kc.list
 
22:45:12 **** Incremental Build of configuration Debug for project l432kc ****
make -j12 all 
arm-none-eabi-gcc "../Core/Src/main.c" -mcpu=cortex-m4 -std=gnu11 -g3 -DDEBUG -DUSE_HAL_DRIVER -DSTM32L432xx -c -I../Core/Inc -I../Manager/Inc -I../Drivers/STM32L4xx_HAL_Driver/Inc -I../Drivers/STM32L4xx_HAL_Driver/Inc/Legacy -I../Drivers/CMSIS/Device/ST/STM32L4xx/Include -I../Drivers/CMSIS/Include -O0 -ffunction-sections -fdata-sections -Wall -fstack-usage -fcyclomatic-complexity -MMD -MP -MF"Core/Src/main.d" -MT"Core/Src/main.o" --specs=nano.specs -mfpu=fpv4-sp-d16 -mfloat-abi=hard -mthumb -o "Core/Src/main.o"
arm-none-eabi-gcc -o "l432kc.elf" @"objects.list"   -mcpu=cortex-m4 -T"C:\Users\Charles Henri\Desktop\ExoFlex\master\stm32\l432kc\STM32L432KCUX_FLASH.ld" --specs=nosys.specs -Wl,-Map="l432kc.map" -Wl,--gc-sections -static --specs=nano.specs -mfpu=fpv4-sp-d16 -mfloat-abi=hard -mthumb -Wl,--start-group -lc -lm -Wl,--end-group
Finished building target: l432kc.elf
 
arm-none-eabi-size   l432kc.elf 
arm-none-eabi-objdump -h -S  l432kc.elf  > "l432kc.list"
   text	   data	    bss	    dec	    hex	filename
  25940	     24	   1880	  27844	   6cc4	l432kc.elf
Finished building: default.size.stdout
 
Finished building: l432kc.list
 
