../Src/main.c:106:5:main	8	static
../Src/main.c:167:6:SystemClock_Config	96	static
../Src/main.c:215:6:PeriphCommonClock_Config	144	static
../Src/main.c:242:13:MX_ADC1_Init	48	static
../Src/main.c:309:13:MX_CAN1_Init	8	static
../Src/main.c:346:13:MX_COMP2_Init	8	static
../Src/main.c:380:13:MX_DAC1_Init	48	static
../Src/main.c:423:13:MX_I2C1_Init	8	static
../Src/main.c:471:13:MX_LPUART1_UART_Init	8	static
../Src/main.c:505:13:MX_USART1_UART_Init	8	static
../Src/main.c:540:13:MX_USART3_SMARTCARD_Init	8	static
../Src/main.c:582:13:MX_OPAMP1_Init	8	static
../Src/main.c:614:13:MX_SAI1_Init	8	static
../Src/main.c:677:13:MX_SDMMC1_SD_Init	8	static
../Src/main.c:713:13:MX_SPI2_Init	8	static
../Src/main.c:749:13:MX_FMC_Init	40	static
../Src/main.c:840:13:MX_GPIO_Init	64	static
../Src/main.c:947:6:Error_Handler	4	static,ignoring_inline_asm
