Archive member included to satisfy reference by file (symbol)

h:/logiciels/stm32cubeide_1.12.1/stm32cubeide/plugins/com.st.stm32cube.ide.mcu.externaltools.gnu-tools-for-stm32.10.3-2021.10.win32_1.0.200.202301161003/tools/bin/../lib/gcc/arm-none-eabi/10.3.1/../../../../arm-none-eabi/lib/thumb/v7e-m+fp/hard\libc_nano.a(lib_a-errno.o)
                              ./Src/syscalls.o (__errno)
h:/logiciels/stm32cubeide_1.12.1/stm32cubeide/plugins/com.st.stm32cube.ide.mcu.externaltools.gnu-tools-for-stm32.10.3-2021.10.win32_1.0.200.202301161003/tools/bin/../lib/gcc/arm-none-eabi/10.3.1/../../../../arm-none-eabi/lib/thumb/v7e-m+fp/hard\libc_nano.a(lib_a-exit.o)
                              h:/logiciels/stm32cubeide_1.12.1/stm32cubeide/plugins/com.st.stm32cube.ide.mcu.externaltools.gnu-tools-for-stm32.10.3-2021.10.win32_1.0.200.202301161003/tools/bin/../lib/gcc/arm-none-eabi/10.3.1/../../../../arm-none-eabi/lib/thumb/v7e-m+fp/hard/crt0.o (exit)
h:/logiciels/stm32cubeide_1.12.1/stm32cubeide/plugins/com.st.stm32cube.ide.mcu.externaltools.gnu-tools-for-stm32.10.3-2021.10.win32_1.0.200.202301161003/tools/bin/../lib/gcc/arm-none-eabi/10.3.1/../../../../arm-none-eabi/lib/thumb/v7e-m+fp/hard\libc_nano.a(lib_a-impure.o)
                              h:/logiciels/stm32cubeide_1.12.1/stm32cubeide/plugins/com.st.stm32cube.ide.mcu.externaltools.gnu-tools-for-stm32.10.3-2021.10.win32_1.0.200.202301161003/tools/bin/../lib/gcc/arm-none-eabi/10.3.1/../../../../arm-none-eabi/lib/thumb/v7e-m+fp/hard\libc_nano.a(lib_a-exit.o) (_global_impure_ptr)
h:/logiciels/stm32cubeide_1.12.1/stm32cubeide/plugins/com.st.stm32cube.ide.mcu.externaltools.gnu-tools-for-stm32.10.3-2021.10.win32_1.0.200.202301161003/tools/bin/../lib/gcc/arm-none-eabi/10.3.1/../../../../arm-none-eabi/lib/thumb/v7e-m+fp/hard\libc_nano.a(lib_a-init.o)
                              h:/logiciels/stm32cubeide_1.12.1/stm32cubeide/plugins/com.st.stm32cube.ide.mcu.externaltools.gnu-tools-for-stm32.10.3-2021.10.win32_1.0.200.202301161003/tools/bin/../lib/gcc/arm-none-eabi/10.3.1/../../../../arm-none-eabi/lib/thumb/v7e-m+fp/hard/crt0.o (__libc_init_array)
h:/logiciels/stm32cubeide_1.12.1/stm32cubeide/plugins/com.st.stm32cube.ide.mcu.externaltools.gnu-tools-for-stm32.10.3-2021.10.win32_1.0.200.202301161003/tools/bin/../lib/gcc/arm-none-eabi/10.3.1/../../../../arm-none-eabi/lib/thumb/v7e-m+fp/hard\libc_nano.a(lib_a-malloc.o)
                              ./Middlewares/ST/STM32_USB_Host_Library/Class/CDC/Src/usbh_cdc.o (malloc)
h:/logiciels/stm32cubeide_1.12.1/stm32cubeide/plugins/com.st.stm32cube.ide.mcu.externaltools.gnu-tools-for-stm32.10.3-2021.10.win32_1.0.200.202301161003/tools/bin/../lib/gcc/arm-none-eabi/10.3.1/../../../../arm-none-eabi/lib/thumb/v7e-m+fp/hard\libc_nano.a(lib_a-memset.o)
                              h:/logiciels/stm32cubeide_1.12.1/stm32cubeide/plugins/com.st.stm32cube.ide.mcu.externaltools.gnu-tools-for-stm32.10.3-2021.10.win32_1.0.200.202301161003/tools/bin/../lib/gcc/arm-none-eabi/10.3.1/../../../../arm-none-eabi/lib/thumb/v7e-m+fp/hard/crt0.o (memset)
h:/logiciels/stm32cubeide_1.12.1/stm32cubeide/plugins/com.st.stm32cube.ide.mcu.externaltools.gnu-tools-for-stm32.10.3-2021.10.win32_1.0.200.202301161003/tools/bin/../lib/gcc/arm-none-eabi/10.3.1/../../../../arm-none-eabi/lib/thumb/v7e-m+fp/hard\libc_nano.a(lib_a-nano-freer.o)
                              h:/logiciels/stm32cubeide_1.12.1/stm32cubeide/plugins/com.st.stm32cube.ide.mcu.externaltools.gnu-tools-for-stm32.10.3-2021.10.win32_1.0.200.202301161003/tools/bin/../lib/gcc/arm-none-eabi/10.3.1/../../../../arm-none-eabi/lib/thumb/v7e-m+fp/hard\libc_nano.a(lib_a-malloc.o) (_free_r)
h:/logiciels/stm32cubeide_1.12.1/stm32cubeide/plugins/com.st.stm32cube.ide.mcu.externaltools.gnu-tools-for-stm32.10.3-2021.10.win32_1.0.200.202301161003/tools/bin/../lib/gcc/arm-none-eabi/10.3.1/../../../../arm-none-eabi/lib/thumb/v7e-m+fp/hard\libc_nano.a(lib_a-nano-mallocr.o)
                              h:/logiciels/stm32cubeide_1.12.1/stm32cubeide/plugins/com.st.stm32cube.ide.mcu.externaltools.gnu-tools-for-stm32.10.3-2021.10.win32_1.0.200.202301161003/tools/bin/../lib/gcc/arm-none-eabi/10.3.1/../../../../arm-none-eabi/lib/thumb/v7e-m+fp/hard\libc_nano.a(lib_a-malloc.o) (_malloc_r)
h:/logiciels/stm32cubeide_1.12.1/stm32cubeide/plugins/com.st.stm32cube.ide.mcu.externaltools.gnu-tools-for-stm32.10.3-2021.10.win32_1.0.200.202301161003/tools/bin/../lib/gcc/arm-none-eabi/10.3.1/../../../../arm-none-eabi/lib/thumb/v7e-m+fp/hard\libc_nano.a(lib_a-sbrkr.o)
                              h:/logiciels/stm32cubeide_1.12.1/stm32cubeide/plugins/com.st.stm32cube.ide.mcu.externaltools.gnu-tools-for-stm32.10.3-2021.10.win32_1.0.200.202301161003/tools/bin/../lib/gcc/arm-none-eabi/10.3.1/../../../../arm-none-eabi/lib/thumb/v7e-m+fp/hard\libc_nano.a(lib_a-nano-mallocr.o) (_sbrk_r)
[...]
Memory Configuration

Name             Origin             Length             Attributes
RAM              0x0000000020000000 0x0000000000018000 xrw
RAM2             0x0000000010000000 0x0000000000008000 xrw
FLASH            0x0000000008000000 0x0000000000100000 xr
*default*        0x0000000000000000 0xffffffffffffffff

Linker script and memory map

LOAD h:/logiciels/stm32cubeide_1.12.1/stm32cubeide/plugins/com.st.stm32cube.ide.mcu.externaltools.gnu-tools-for-stm32.10.3-2021.10.win32_1.0.200.202301161003/tools/bin/../lib/gcc/arm-none-eabi/10.3.1/thumb/v7e-m+fp/hard/crti.o
LOAD h:/logiciels/stm32cubeide_1.12.1/stm32cubeide/plugins/com.st.stm32cube.ide.mcu.externaltools.gnu-tools-for-stm32.10.3-2021.10.win32_1.0.200.202301161003/tools/bin/../lib/gcc/arm-none-eabi/10.3.1/thumb/v7e-m+fp/hard/crtbegin.o
LOAD h:/logiciels/stm32cubeide_1.12.1/stm32cubeide/plugins/com.st.stm32cube.ide.mcu.externaltools.gnu-tools-for-stm32.10.3-2021.10.win32_1.0.200.202301161003/tools/bin/../lib/gcc/arm-none-eabi/10.3.1/../../../../arm-none-eabi/lib/thumb/v7e-m+fp/hard/crt0.o
LOAD ./Drivers/STM32L4xx_HAL_Driver/Src/stm32l4xx_hal.o
LOAD ./Drivers/STM32L4xx_HAL_Driver/Src/stm32l4xx_hal_adc.o
LOAD ./Drivers/STM32L4xx_HAL_Driver/Src/stm32l4xx_hal_adc_ex.o
LOAD ./Drivers/STM32L4xx_HAL_Driver/Src/stm32l4xx_hal_can.o
LOAD ./Drivers/STM32L4xx_HAL_Driver/Src/stm32l4xx_hal_comp.o
LOAD ./Drivers/STM32L4xx_HAL_Driver/Src/stm32l4xx_hal_cortex.o
LOAD ./Drivers/STM32L4xx_HAL_Driver/Src/stm32l4xx_hal_dac.o
LOAD ./Drivers/STM32L4xx_HAL_Driver/Src/stm32l4xx_hal_dac_ex.o
LOAD ./Drivers/STM32L4xx_HAL_Driver/Src/stm32l4xx_hal_dma.o
LOAD ./Drivers/STM32L4xx_HAL_Driver/Src/stm32l4xx_hal_dma_ex.o
LOAD ./Drivers/STM32L4xx_HAL_Driver/Src/stm32l4xx_hal_exti.o
LOAD ./Drivers/STM32L4xx_HAL_Driver/Src/stm32l4xx_hal_flash.o
LOAD ./Drivers/STM32L4xx_HAL_Driver/Src/stm32l4xx_hal_flash_ex.o
LOAD ./Drivers/STM32L4xx_HAL_Driver/Src/stm32l4xx_hal_flash_ramfunc.o
LOAD ./Drivers/STM32L4xx_HAL_Driver/Src/stm32l4xx_hal_gpio.o
LOAD ./Drivers/STM32L4xx_HAL_Driver/Src/stm32l4xx_hal_hcd.o
LOAD ./Drivers/STM32L4xx_HAL_Driver/Src/stm32l4xx_hal_i2c.o
LOAD ./Drivers/STM32L4xx_HAL_Driver/Src/stm32l4xx_hal_i2c_ex.o
LOAD ./Drivers/STM32L4xx_HAL_Driver/Src/stm32l4xx_hal_nor.o
LOAD ./Drivers/STM32L4xx_HAL_Driver/Src/stm32l4xx_hal_opamp.o
LOAD ./Drivers/STM32L4xx_HAL_Driver/Src/stm32l4xx_hal_opamp_ex.o
LOAD ./Drivers/STM32L4xx_HAL_Driver/Src/stm32l4xx_hal_pwr.o
LOAD ./Drivers/STM32L4xx_HAL_Driver/Src/stm32l4xx_hal_pwr_ex.o
LOAD ./Drivers/STM32L4xx_HAL_Driver/Src/stm32l4xx_hal_rcc.o
LOAD ./Drivers/STM32L4xx_HAL_Driver/Src/stm32l4xx_hal_rcc_ex.o
LOAD ./Drivers/STM32L4xx_HAL_Driver/Src/stm32l4xx_hal_sai.o
LOAD ./Drivers/STM32L4xx_HAL_Driver/Src/stm32l4xx_hal_sai_ex.o
LOAD ./Drivers/STM32L4xx_HAL_Driver/Src/stm32l4xx_hal_sd.o
LOAD ./Drivers/STM32L4xx_HAL_Driver/Src/stm32l4xx_hal_sd_ex.o
LOAD ./Drivers/STM32L4xx_HAL_Driver/Src/stm32l4xx_hal_smartcard.o
LOAD ./Drivers/STM32L4xx_HAL_Driver/Src/stm32l4xx_hal_smartcard_ex.o
LOAD ./Drivers/STM32L4xx_HAL_Driver/Src/stm32l4xx_hal_spi.o
LOAD ./Drivers/STM32L4xx_HAL_Driver/Src/stm32l4xx_hal_spi_ex.o
LOAD ./Drivers/STM32L4xx_HAL_Driver/Src/stm32l4xx_hal_sram.o
LOAD ./Drivers/STM32L4xx_HAL_Driver/Src/stm32l4xx_hal_tim.o
LOAD ./Drivers/STM32L4xx_HAL_Driver/Src/stm32l4xx_hal_tim_ex.o
LOAD ./Drivers/STM32L4xx_HAL_Driver/Src/stm32l4xx_hal_uart.o
LOAD ./Drivers/STM32L4xx_HAL_Driver/Src/stm32l4xx_hal_uart_ex.o
LOAD ./Drivers/STM32L4xx_HAL_Driver/Src/stm32l4xx_ll_fmc.o
LOAD ./Drivers/STM32L4xx_HAL_Driver/Src/stm32l4xx_ll_sdmmc.o
LOAD ./Drivers/STM32L4xx_HAL_Driver/Src/stm32l4xx_ll_usb.o
LOAD ./Middlewares/ST/STM32_USB_Host_Library/Class/CDC/Src/usbh_cdc.o
LOAD ./Middlewares/ST/STM32_USB_Host_Library/Core/Src/usbh_core.o
LOAD ./Middlewares/ST/STM32_USB_Host_Library/Core/Src/usbh_ctlreq.o
LOAD ./Middlewares/ST/STM32_USB_Host_Library/Core/Src/usbh_ioreq.o
LOAD ./Middlewares/ST/STM32_USB_Host_Library/Core/Src/usbh_pipes.o
LOAD ./Src/action.o
LOAD ./Src/main.o
LOAD ./Src/stm32l4xx_hal_msp.o
LOAD ./Src/stm32l4xx_it.o
LOAD ./Src/syscalls.o
LOAD ./Src/sysmem.o
LOAD ./Src/system_stm32l4xx.o
LOAD ./Src/usb_host.o
LOAD ./Src/usbh_conf.o
LOAD ./Src/usbh_platform.o
LOAD ./Startup/startup_stm32l476zgtx.o
START GROUP
LOAD h:/logiciels/stm32cubeide_1.12.1/stm32cubeide/plugins/com.st.stm32cube.ide.mcu.externaltools.gnu-tools-for-stm32.10.3-2021.10.win32_1.0.200.202301161003/tools/bin/../lib/gcc/arm-none-eabi/10.3.1/../../../../arm-none-eabi/lib/thumb/v7e-m+fp/hard\libc_nano.a
LOAD h:/logiciels/stm32cubeide_1.12.1/stm32cubeide/plugins/com.st.stm32cube.ide.mcu.externaltools.gnu-tools-for-stm32.10.3-2021.10.win32_1.0.200.202301161003/tools/bin/../lib/gcc/arm-none-eabi/10.3.1/../../../../arm-none-eabi/lib/thumb/v7e-m+fp/hard\libm.a
END GROUP
START GROUP
LOAD h:/logiciels/stm32cubeide_1.12.1/stm32cubeide/plugins/com.st.stm32cube.ide.mcu.externaltools.gnu-tools-for-stm32.10.3-2021.10.win32_1.0.200.202301161003/tools/bin/../lib/gcc/arm-none-eabi/10.3.1/thumb/v7e-m+fp/hard\libgcc.a
LOAD h:/logiciels/stm32cubeide_1.12.1/stm32cubeide/plugins/com.st.stm32cube.ide.mcu.externaltools.gnu-tools-for-stm32.10.3-2021.10.win32_1.0.200.202301161003/tools/bin/../lib/gcc/arm-none-eabi/10.3.1/../../../../arm-none-eabi/lib/thumb/v7e-m+fp/hard\libc_nano.a
END GROUP
START GROUP
LOAD h:/logiciels/stm32cubeide_1.12.1/stm32cubeide/plugins/com.st.stm32cube.ide.mcu.externaltools.gnu-tools-for-stm32.10.3-2021.10.win32_1.0.200.202301161003/tools/bin/../lib/gcc/arm-none-eabi/10.3.1/thumb/v7e-m+fp/hard\libgcc.a
LOAD h:/logiciels/stm32cubeide_1.12.1/stm32cubeide/plugins/com.st.stm32cube.ide.mcu.externaltools.gnu-tools-for-stm32.10.3-2021.10.win32_1.0.200.202301161003/tools/bin/../lib/gcc/arm-none-eabi/10.3.1/../../../../arm-none-eabi/lib/thumb/v7e-m+fp/hard\libc_nano.a
LOAD h:/logiciels/stm32cubeide_1.12.1/stm32cubeide/plugins/com.st.stm32cube.ide.mcu.externaltools.gnu-tools-for-stm32.10.3-2021.10.win32_1.0.200.202301161003/tools/bin/../lib/gcc/arm-none-eabi/10.3.1/../../../../arm-none-eabi/lib/thumb/v7e-m+fp/hard\libnosys.a
END GROUP
START GROUP
LOAD h:/logiciels/stm32cubeide_1.12.1/stm32cubeide/plugins/com.st.stm32cube.ide.mcu.externaltools.gnu-tools-for-stm32.10.3-2021.10.win32_1.0.200.202301161003/tools/bin/../lib/gcc/arm-none-eabi/10.3.1/thumb/v7e-m+fp/hard\libgcc.a
LOAD h:/logiciels/stm32cubeide_1.12.1/stm32cubeide/plugins/com.st.stm32cube.ide.mcu.externaltools.gnu-tools-for-stm32.10.3-2021.10.win32_1.0.200.202301161003/tools/bin/../lib/gcc/arm-none-eabi/10.3.1/../../../../arm-none-eabi/lib/thumb/v7e-m+fp/hard\libc_nano.a
LOAD h:/logiciels/stm32cubeide_1.12.1/stm32cubeide/plugins/com.st.stm32cube.ide.mcu.externaltools.gnu-tools-for-stm32.10.3-2021.10.win32_1.0.200.202301161003/tools/bin/../lib/gcc/arm-none-eabi/10.3.1/../../../../arm-none-eabi/lib/thumb/v7e-m+fp/hard\libnosys.a
END GROUP
LOAD h:/logiciels/stm32cubeide_1.12.1/stm32cubeide/plugins/com.st.stm32cube.ide.mcu.externaltools.gnu-tools-for-stm32.10.3-2021.10.win32_1.0.200.202301161003/tools/bin/../lib/gcc/arm-none-eabi/10.3.1/thumb/v7e-m+fp/hard/crtend.o
LOAD h:/logiciels/stm32cubeide_1.12.1/stm32cubeide/plugins/com.st.stm32cube.ide.mcu.externaltools.gnu-tools-for-stm32.10.3-2021.10.win32_1.0.200.202301161003/tools/bin/../lib/gcc/arm-none-eabi/10.3.1/thumb/v7e-m+fp/hard/crtn.o
                0x0000000020018000                _estack = (ORIGIN (RAM) + LENGTH (RAM))
                0x0000000000000200                _Min_Heap_Size = 0x200
                0x0000000000000400                _Min_Stack_Size = 0x400

.isr_vector     0x0000000008000000      0x188
                0x0000000008000000                . = ALIGN (0x4)
 *(.isr_vector)
 .isr_vector    0x0000000008000000      0x188 ./Startup/startup_stm32l476zgtx.o
                0x0000000008000000                g_pfnVectors
                0x0000000008000188                . = ALIGN (0x4)

.text           0x0000000008000188     0xd7d4
                0x0000000008000188                . = ALIGN (0x4)
 *(.text)
 .text          0x0000000008000188       0x40 h:/logiciels/stm32cubeide_1.12.1/stm32cubeide/plugins/com.st.stm32cube.ide.mcu.externaltools.gnu-tools-for-stm32.10.3-2021.10.win32_1.0.200.202301161003/tools/bin/../lib/gcc/arm-none-eabi/10.3.1/thumb/v7e-m+fp/hard/crtbegin.o
 .text          0x00000000080001c8       0x30 h:/logiciels/stm32cubeide_1.12.1/stm32cubeide/plugins/com.st.stm32cube.ide.mcu.externaltools.gnu-tools-for-stm32.10.3-2021.10.win32_1.0.200.202301161003/tools/bin/../lib/gcc/arm-none-eabi/10.3.1/thumb/v7e-m+fp/hard\libgcc.a(_aeabi_uldivmod.o)
                0x00000000080001c8                __aeabi_uldivmod
 .text          0x00000000080001f8      0x2d0 h:/logiciels/stm32cubeide_1.12.1/stm32cubeide/plugins/com.st.stm32cube.ide.mcu.externaltools.gnu-tools-for-stm32.10.3-2021.10.win32_1.0.200.202301161003/tools/bin/../lib/gcc/arm-none-eabi/10.3.1/thumb/v7e-m+fp/hard\libgcc.a(_udivmoddi4.o)
                0x00000000080001f8                __udivmoddi4
 .text          0x00000000080004c8        0x4 h:/logiciels/stm32cubeide_1.12.1/stm32cubeide/plugins/com.st.stm32cube.ide.mcu.externaltools.gnu-tools-for-stm32.10.3-2021.10.win32_1.0.200.202301161003/tools/bin/../lib/gcc/arm-none-eabi/10.3.1/thumb/v7e-m+fp/hard\libgcc.a(_dvmd_tls.o)
                0x00000000080004c8                __aeabi_idiv0
                0x00000000080004c8                __aeabi_ldiv0
 *(.text*)
 .text.HAL_Init
                0x00000000080004cc       0x30 ./Drivers/STM32L4xx_HAL_Driver/Src/stm32l4xx_hal.o
                0x00000000080004cc                HAL_Init
 .text.HAL_InitTick
                0x00000000080004fc       0x78 ./Drivers/STM32L4xx_HAL_Driver/Src/stm32l4xx_hal.o
                0x00000000080004fc                HAL_InitTick
 .text.HAL_IncTick
                0x0000000008000574       0x28 ./Drivers/STM32L4xx_HAL_Driver/Src/stm32l4xx_hal.o
                0x0000000008000574                HAL_IncTick
 .text.HAL_GetTick
                0x000000000800059c       0x18 ./Drivers/STM32L4xx_HAL_Driver/Src/stm32l4xx_hal.o
                0x000000000800059c                HAL_GetTick
 .text.HAL_Delay
                0x00000000080005b4       0x48 ./Drivers/STM32L4xx_HAL_Driver/Src/stm32l4xx_hal.o
                0x00000000080005b4                HAL_Delay
 .text.LL_ADC_SetCommonClock
                0x00000000080005fc       0x26 ./Drivers/STM32L4xx_HAL_Driver/Src/stm32l4xx_hal_adc.o
 .text.LL_ADC_SetCommonPathInternalCh
                0x0000000008000622       0x26 ./Drivers/STM32L4xx_HAL_Driver/Src/stm32l4xx_hal_adc.o
 .text.LL_ADC_GetCommonPathInternalCh
                0x0000000008000648       0x1c ./Drivers/STM32L4xx_HAL_Driver/Src/stm32l4xx_hal_adc.o
 .text.LL_ADC_SetOffset
                0x0000000008000664       0x48 ./Drivers/STM32L4xx_HAL_Driver/Src/stm32l4xx_hal_adc.o
 .text.LL_ADC_GetOffsetChannel
                0x00000000080006ac       0x2c ./Drivers/STM32L4xx_HAL_Driver/Src/stm32l4xx_hal_adc.o
 .text.LL_ADC_SetOffsetState
                0x00000000080006d8       0x36 ./Drivers/STM32L4xx_HAL_Driver/Src/stm32l4xx_hal_adc.o
 .text.LL_ADC_REG_SetSequencerRanks
                0x000000000800070e       0x58 ./Drivers/STM32L4xx_HAL_Driver/Src/stm32l4xx_hal_adc.o
 .text.LL_ADC_SetChannelSamplingTime
                0x0000000008000766       0x56 ./Drivers/STM32L4xx_HAL_Driver/Src/stm32l4xx_hal_adc.o
 .text.LL_ADC_SetChannelSingleDiff
                0x00000000080007bc       0x48 ./Drivers/STM32L4xx_HAL_Driver/Src/stm32l4xx_hal_adc.o
 .text.LL_ADC_DisableDeepPowerDown
                0x0000000008000804       0x24 ./Drivers/STM32L4xx_HAL_Driver/Src/stm32l4xx_hal_adc.o
 .text.LL_ADC_IsDeepPowerDownEnabled
                0x0000000008000828       0x28 ./Drivers/STM32L4xx_HAL_Driver/Src/stm32l4xx_hal_adc.o
 .text.LL_ADC_EnableInternalRegulator
                0x0000000008000850       0x28 ./Drivers/STM32L4xx_HAL_Driver/Src/stm32l4xx_hal_adc.o
 .text.LL_ADC_IsInternalRegulatorEnabled
                0x0000000008000878       0x28 ./Drivers/STM32L4xx_HAL_Driver/Src/stm32l4xx_hal_adc.o
 .text.LL_ADC_IsEnabled
                0x00000000080008a0       0x26 ./Drivers/STM32L4xx_HAL_Driver/Src/stm32l4xx_hal_adc.o
 .text.LL_ADC_REG_IsConversionOngoing
                0x00000000080008c6       0x26 ./Drivers/STM32L4xx_HAL_Driver/Src/stm32l4xx_hal_adc.o
 .text.LL_ADC_INJ_IsConversionOngoing
                0x00000000080008ec       0x26 ./Drivers/STM32L4xx_HAL_Driver/Src/stm32l4xx_hal_adc.o
 *fill*         0x0000000008000912        0x2 
 .text.HAL_ADC_Init
                0x0000000008000914      0x2ac ./Drivers/STM32L4xx_HAL_Driver/Src/stm32l4xx_hal_adc.o
                0x0000000008000914                HAL_ADC_Init
 .text.HAL_ADC_ConfigChannel
                0x0000000008000bc0      0x7e0 ./Drivers/STM32L4xx_HAL_Driver/Src/stm32l4xx_hal_adc.o
                0x0000000008000bc0                HAL_ADC_ConfigChannel
 .text.LL_ADC_IsEnabled
                0x00000000080013a0       0x26 ./Drivers/STM32L4xx_HAL_Driver/Src/stm32l4xx_hal_adc_ex.o
 .text.LL_ADC_REG_IsConversionOngoing
                0x00000000080013c6       0x26 ./Drivers/STM32L4xx_HAL_Driver/Src/stm32l4xx_hal_adc_ex.o
 .text.HAL_ADCEx_MultiModeConfigChannel
                0x00000000080013ec      0x160 ./Drivers/STM32L4xx_HAL_Driver/Src/stm32l4xx_hal_adc_ex.o
                0x00000000080013ec                HAL_ADCEx_MultiModeConfigChannel
 .text.HAL_CAN_Init
                0x000000000800154c      0x1f6 ./Drivers/STM32L4xx_HAL_Driver/Src/stm32l4xx_hal_can.o
                0x000000000800154c                HAL_CAN_Init
 *fill*         0x0000000008001742        0x2 
 .text.LL_EXTI_EnableIT_0_31
                0x0000000008001744       0x24 ./Drivers/STM32L4xx_HAL_Driver/Src/stm32l4xx_hal_comp.o
 .text.LL_EXTI_DisableIT_0_31
                0x0000000008001768       0x28 ./Drivers/STM32L4xx_HAL_Driver/Src/stm32l4xx_hal_comp.o
 .text.LL_EXTI_EnableEvent_0_31
                0x0000000008001790       0x24 ./Drivers/STM32L4xx_HAL_Driver/Src/stm32l4xx_hal_comp.o
 .text.LL_EXTI_DisableEvent_0_31
                0x00000000080017b4       0x28 ./Drivers/STM32L4xx_HAL_Driver/Src/stm32l4xx_hal_comp.o
 .text.LL_EXTI_EnableRisingTrig_0_31
                0x00000000080017dc       0x24 ./Drivers/STM32L4xx_HAL_Driver/Src/stm32l4xx_hal_comp.o
 .text.LL_EXTI_DisableRisingTrig_0_31
                0x0000000008001800       0x28 ./Drivers/STM32L4xx_HAL_Driver/Src/stm32l4xx_hal_comp.o
 .text.LL_EXTI_EnableFallingTrig_0_31
                0x0000000008001828       0x24 ./Drivers/STM32L4xx_HAL_Driver/Src/stm32l4xx_hal_comp.o
 .text.LL_EXTI_DisableFallingTrig_0_31
                0x000000000800184c       0x28 ./Drivers/STM32L4xx_HAL_Driver/Src/stm32l4xx_hal_comp.o
 .text.LL_EXTI_ClearFlag_0_31
                0x0000000008001874       0x20 ./Drivers/STM32L4xx_HAL_Driver/Src/stm32l4xx_hal_comp.o
 .text.HAL_COMP_Init
                0x0000000008001894      0x1e4 ./Drivers/STM32L4xx_HAL_Driver/Src/stm32l4xx_hal_comp.o
                0x0000000008001894                HAL_COMP_Init
 .text.__NVIC_SetPriorityGrouping
                0x0000000008001a78       0x48 ./Drivers/STM32L4xx_HAL_Driver/Src/stm32l4xx_hal_cortex.o
 .text.__NVIC_GetPriorityGrouping
                0x0000000008001ac0       0x1c ./Drivers/STM32L4xx_HAL_Driver/Src/stm32l4xx_hal_cortex.o
 .text.__NVIC_EnableIRQ
                0x0000000008001adc       0x3c ./Drivers/STM32L4xx_HAL_Driver/Src/stm32l4xx_hal_cortex.o
 .text.__NVIC_SetPriority
                0x0000000008001b18       0x54 ./Drivers/STM32L4xx_HAL_Driver/Src/stm32l4xx_hal_cortex.o
 .text.NVIC_EncodePriority
                0x0000000008001b6c       0x66 ./Drivers/STM32L4xx_HAL_Driver/Src/stm32l4xx_hal_cortex.o
 *fill*         0x0000000008001bd2        0x2 
 .text.SysTick_Config
                0x0000000008001bd4       0x44 ./Drivers/STM32L4xx_HAL_Driver/Src/stm32l4xx_hal_cortex.o
 .text.HAL_NVIC_SetPriorityGrouping
                0x0000000008001c18       0x16 ./Drivers/STM32L4xx_HAL_Driver/Src/stm32l4xx_hal_cortex.o
                0x0000000008001c18                HAL_NVIC_SetPriorityGrouping
 .text.HAL_NVIC_SetPriority
                0x0000000008001c2e       0x38 ./Drivers/STM32L4xx_HAL_Driver/Src/stm32l4xx_hal_cortex.o
                0x0000000008001c2e                HAL_NVIC_SetPriority
 .text.HAL_NVIC_EnableIRQ
                0x0000000008001c66       0x1c ./Drivers/STM32L4xx_HAL_Driver/Src/stm32l4xx_hal_cortex.o
                0x0000000008001c66                HAL_NVIC_EnableIRQ
 .text.HAL_SYSTICK_Config
                0x0000000008001c82       0x18 ./Drivers/STM32L4xx_HAL_Driver/Src/stm32l4xx_hal_cortex.o
                0x0000000008001c82                HAL_SYSTICK_Config
 .text.HAL_DAC_Init
                0x0000000008001c9a       0x44 ./Drivers/STM32L4xx_HAL_Driver/Src/stm32l4xx_hal_dac.o
                0x0000000008001c9a                HAL_DAC_Init
 .text.HAL_DAC_ConfigChannel
                0x0000000008001cde      0x234 ./Drivers/STM32L4xx_HAL_Driver/Src/stm32l4xx_hal_dac.o
                0x0000000008001cde                HAL_DAC_ConfigChannel
 *fill*         0x0000000008001f12        0x2 
 .text.HAL_GPIO_Init
                0x0000000008001f14      0x354 ./Drivers/STM32L4xx_HAL_Driver/Src/stm32l4xx_hal_gpio.o
                0x0000000008001f14                HAL_GPIO_Init
 .text.HAL_GPIO_WritePin
                0x0000000008002268       0x30 ./Drivers/STM32L4xx_HAL_Driver/Src/stm32l4xx_hal_gpio.o
                0x0000000008002268                HAL_GPIO_WritePin
 .text.HAL_HCD_Init
                0x0000000008002298       0xc4 ./Drivers/STM32L4xx_HAL_Driver/Src/stm32l4xx_hal_hcd.o
                0x0000000008002298                HAL_HCD_Init
 .text.HAL_HCD_HC_Init
                0x000000000800235c      0x11e ./Drivers/STM32L4xx_HAL_Driver/Src/stm32l4xx_hal_hcd.o
                0x000000000800235c                HAL_HCD_HC_Init
 .text.HAL_HCD_HC_Halt
                0x000000000800247a       0x46 ./Drivers/STM32L4xx_HAL_Driver/Src/stm32l4xx_hal_hcd.o
                0x000000000800247a                HAL_HCD_HC_Halt
 .text.HAL_HCD_HC_SubmitRequest
                0x00000000080024c0      0x2a4 ./Drivers/STM32L4xx_HAL_Driver/Src/stm32l4xx_hal_hcd.o
                0x00000000080024c0                HAL_HCD_HC_SubmitRequest
 .text.HAL_HCD_IRQHandler
                0x0000000008002764      0x216 ./Drivers/STM32L4xx_HAL_Driver/Src/stm32l4xx_hal_hcd.o
                0x0000000008002764                HAL_HCD_IRQHandler
 .text.HAL_HCD_Start
                0x000000000800297a       0x46 ./Drivers/STM32L4xx_HAL_Driver/Src/stm32l4xx_hal_hcd.o
                0x000000000800297a                HAL_HCD_Start
 .text.HAL_HCD_Stop
                0x00000000080029c0       0x3a ./Drivers/STM32L4xx_HAL_Driver/Src/stm32l4xx_hal_hcd.o
                0x00000000080029c0                HAL_HCD_Stop
 .text.HAL_HCD_ResetPort
                0x00000000080029fa       0x1c ./Drivers/STM32L4xx_HAL_Driver/Src/stm32l4xx_hal_hcd.o
                0x00000000080029fa                HAL_HCD_ResetPort
 .text.HAL_HCD_HC_GetURBState
                0x0000000008002a16       0x28 ./Drivers/STM32L4xx_HAL_Driver/Src/stm32l4xx_hal_hcd.o
                0x0000000008002a16                HAL_HCD_HC_GetURBState
 .text.HAL_HCD_HC_GetXferCount
                0x0000000008002a3e       0x28 ./Drivers/STM32L4xx_HAL_Driver/Src/stm32l4xx_hal_hcd.o
                0x0000000008002a3e                HAL_HCD_HC_GetXferCount
 .text.HAL_HCD_GetCurrentFrame
                0x0000000008002a66       0x1c ./Drivers/STM32L4xx_HAL_Driver/Src/stm32l4xx_hal_hcd.o
                0x0000000008002a66                HAL_HCD_GetCurrentFrame
 .text.HAL_HCD_GetCurrentSpeed
                0x0000000008002a82       0x1c ./Drivers/STM32L4xx_HAL_Driver/Src/stm32l4xx_hal_hcd.o
                0x0000000008002a82                HAL_HCD_GetCurrentSpeed
 .text.HCD_HC_IN_IRQHandler
                0x0000000008002a9e      0x666 ./Drivers/STM32L4xx_HAL_Driver/Src/stm32l4xx_hal_hcd.o
 .text.HCD_HC_OUT_IRQHandler
                0x0000000008003104      0x604 ./Drivers/STM32L4xx_HAL_Driver/Src/stm32l4xx_hal_hcd.o
 .text.HCD_RXQLVL_IRQHandler
                0x0000000008003708      0x1a4 ./Drivers/STM32L4xx_HAL_Driver/Src/stm32l4xx_hal_hcd.o
 .text.HCD_Port_IRQHandler
                0x00000000080038ac       0xe6 ./Drivers/STM32L4xx_HAL_Driver/Src/stm32l4xx_hal_hcd.o
 .text.HAL_I2C_Init
                0x0000000008003992      0x11e ./Drivers/STM32L4xx_HAL_Driver/Src/stm32l4xx_hal_i2c.o
                0x0000000008003992                HAL_I2C_Init
 .text.HAL_I2CEx_ConfigAnalogFilter
                0x0000000008003ab0       0x96 ./Drivers/STM32L4xx_HAL_Driver/Src/stm32l4xx_hal_i2c_ex.o
                0x0000000008003ab0                HAL_I2CEx_ConfigAnalogFilter
 .text.HAL_I2CEx_ConfigDigitalFilter
                0x0000000008003b46       0x98 ./Drivers/STM32L4xx_HAL_Driver/Src/stm32l4xx_hal_i2c_ex.o
                0x0000000008003b46                HAL_I2CEx_ConfigDigitalFilter
 *fill*         0x0000000008003bde        0x2 
 .text.HAL_NOR_Init
                0x0000000008003be0      0x148 ./Drivers/STM32L4xx_HAL_Driver/Src/stm32l4xx_hal_nor.o
                0x0000000008003be0                HAL_NOR_Init
 .text.HAL_NOR_ReturnToReadMode
                0x0000000008003d28       0xd0 ./Drivers/STM32L4xx_HAL_Driver/Src/stm32l4xx_hal_nor.o
                0x0000000008003d28                HAL_NOR_ReturnToReadMode
 .text.HAL_OPAMP_Init
                0x0000000008003df8      0x1ac ./Drivers/STM32L4xx_HAL_Driver/Src/stm32l4xx_hal_opamp.o
                0x0000000008003df8                HAL_OPAMP_Init
 .text.HAL_PWREx_GetVoltageRange
                0x0000000008003fa4       0x1c ./Drivers/STM32L4xx_HAL_Driver/Src/stm32l4xx_hal_pwr_ex.o
                0x0000000008003fa4                HAL_PWREx_GetVoltageRange
 .text.HAL_PWREx_ControlVoltageScaling
                0x0000000008003fc0       0xac ./Drivers/STM32L4xx_HAL_Driver/Src/stm32l4xx_hal_pwr_ex.o
                0x0000000008003fc0                HAL_PWREx_ControlVoltageScaling
 .text.HAL_PWREx_EnableVddUSB
                0x000000000800406c       0x20 ./Drivers/STM32L4xx_HAL_Driver/Src/stm32l4xx_hal_pwr_ex.o
                0x000000000800406c                HAL_PWREx_EnableVddUSB
 .text.HAL_PWREx_EnableVddIO2
                0x000000000800408c       0x20 ./Drivers/STM32L4xx_HAL_Driver/Src/stm32l4xx_hal_pwr_ex.o
                0x000000000800408c                HAL_PWREx_EnableVddIO2
 .text.HAL_RCC_OscConfig
                0x00000000080040ac      0x7b8 ./Drivers/STM32L4xx_HAL_Driver/Src/stm32l4xx_hal_rcc.o
                0x00000000080040ac                HAL_RCC_OscConfig
 .text.HAL_RCC_ClockConfig
                0x0000000008004864      0x200 ./Drivers/STM32L4xx_HAL_Driver/Src/stm32l4xx_hal_rcc.o
                0x0000000008004864                HAL_RCC_ClockConfig
 .text.HAL_RCC_GetSysClockFreq
                0x0000000008004a64      0x118 ./Drivers/STM32L4xx_HAL_Driver/Src/stm32l4xx_hal_rcc.o
                0x0000000008004a64                HAL_RCC_GetSysClockFreq
 .text.HAL_RCC_GetHCLKFreq
                0x0000000008004b7c       0x18 ./Drivers/STM32L4xx_HAL_Driver/Src/stm32l4xx_hal_rcc.o
                0x0000000008004b7c                HAL_RCC_GetHCLKFreq
 .text.HAL_RCC_GetPCLK1Freq
                0x0000000008004b94       0x2c ./Drivers/STM32L4xx_HAL_Driver/Src/stm32l4xx_hal_rcc.o
                0x0000000008004b94                HAL_RCC_GetPCLK1Freq
 .text.HAL_RCC_GetPCLK2Freq
                0x0000000008004bc0       0x2c ./Drivers/STM32L4xx_HAL_Driver/Src/stm32l4xx_hal_rcc.o
                0x0000000008004bc0                HAL_RCC_GetPCLK2Freq
 .text.RCC_SetFlashLatencyFromMSIRange
                0x0000000008004bec       0xc0 ./Drivers/STM32L4xx_HAL_Driver/Src/stm32l4xx_hal_rcc.o
 .text.HAL_RCCEx_PeriphCLKConfig
                0x0000000008004cac      0x5d4 ./Drivers/STM32L4xx_HAL_Driver/Src/stm32l4xx_hal_rcc_ex.o
                0x0000000008004cac                HAL_RCCEx_PeriphCLKConfig
 .text.HAL_RCCEx_GetPeriphCLKFreq
                0x0000000008005280      0xadc ./Drivers/STM32L4xx_HAL_Driver/Src/stm32l4xx_hal_rcc_ex.o
                0x0000000008005280                HAL_RCCEx_GetPeriphCLKFreq
 .text.RCCEx_PLLSAI1_Config
                0x0000000008005d5c      0x1e8 ./Drivers/STM32L4xx_HAL_Driver/Src/stm32l4xx_hal_rcc_ex.o
 .text.RCCEx_PLLSAI2_Config
                0x0000000008005f44      0x1bc ./Drivers/STM32L4xx_HAL_Driver/Src/stm32l4xx_hal_rcc_ex.o
 .text.RCCEx_GetSAIxPeriphCLKFreq
                0x0000000008006100      0x1e0 ./Drivers/STM32L4xx_HAL_Driver/Src/stm32l4xx_hal_rcc_ex.o
 .text.HAL_SAI_Init
                0x00000000080062e0      0x2e4 ./Drivers/STM32L4xx_HAL_Driver/Src/stm32l4xx_hal_sai.o
                0x00000000080062e0                HAL_SAI_Init
 .text.SAI_Disable
                0x00000000080065c4       0x74 ./Drivers/STM32L4xx_HAL_Driver/Src/stm32l4xx_hal_sai.o
 .text.HAL_SD_Init
                0x0000000008006638       0x60 ./Drivers/STM32L4xx_HAL_Driver/Src/stm32l4xx_hal_sd.o
                0x0000000008006638                HAL_SD_Init
 .text.HAL_SD_InitCard
                0x0000000008006698      0x14c ./Drivers/STM32L4xx_HAL_Driver/Src/stm32l4xx_hal_sd.o
                0x0000000008006698                HAL_SD_InitCard
 .text.HAL_SD_GetCardCSD
                0x00000000080067e4      0x348 ./Drivers/STM32L4xx_HAL_Driver/Src/stm32l4xx_hal_sd.o
                0x00000000080067e4                HAL_SD_GetCardCSD
 .text.HAL_SD_ConfigWideBusOperation
                0x0000000008006b2c      0x178 ./Drivers/STM32L4xx_HAL_Driver/Src/stm32l4xx_hal_sd.o
                0x0000000008006b2c                HAL_SD_ConfigWideBusOperation
 .text.SD_InitCard
                0x0000000008006ca4      0x19c ./Drivers/STM32L4xx_HAL_Driver/Src/stm32l4xx_hal_sd.o
 .text.SD_PowerON
                0x0000000008006e40      0x11c ./Drivers/STM32L4xx_HAL_Driver/Src/stm32l4xx_hal_sd.o
 .text.SD_WideBus_Enable
                0x0000000008006f5c       0x96 ./Drivers/STM32L4xx_HAL_Driver/Src/stm32l4xx_hal_sd.o
 .text.SD_WideBus_Disable
                0x0000000008006ff2       0x96 ./Drivers/STM32L4xx_HAL_Driver/Src/stm32l4xx_hal_sd.o
 .text.SD_FindSCR
                0x0000000008007088      0x194 ./Drivers/STM32L4xx_HAL_Driver/Src/stm32l4xx_hal_sd.o
 .text.HAL_SMARTCARD_Init
                0x000000000800721c       0xb6 ./Drivers/STM32L4xx_HAL_Driver/Src/stm32l4xx_hal_smartcard.o
                0x000000000800721c                HAL_SMARTCARD_Init
 *fill*         0x00000000080072d2        0x2 
 .text.SMARTCARD_SetConfig
                0x00000000080072d4      0x31c ./Drivers/STM32L4xx_HAL_Driver/Src/stm32l4xx_hal_smartcard.o
 .text.SMARTCARD_AdvFeatureConfig
                0x00000000080075f0      0x102 ./Drivers/STM32L4xx_HAL_Driver/Src/stm32l4xx_hal_smartcard.o
 .text.SMARTCARD_CheckIdleState
                0x00000000080076f2       0x8a ./Drivers/STM32L4xx_HAL_Driver/Src/stm32l4xx_hal_smartcard.o
 .text.SMARTCARD_WaitOnFlagUntilTimeout
                0x000000000800777c       0x90 ./Drivers/STM32L4xx_HAL_Driver/Src/stm32l4xx_hal_smartcard.o
 .text.HAL_SPI_Init
                0x000000000800780c      0x146 ./Drivers/STM32L4xx_HAL_Driver/Src/stm32l4xx_hal_spi.o
                0x000000000800780c                HAL_SPI_Init
 .text.HAL_SRAM_Init
                0x0000000008007952       0x90 ./Drivers/STM32L4xx_HAL_Driver/Src/stm32l4xx_hal_sram.o
                0x0000000008007952                HAL_SRAM_Init
 .text.HAL_UART_Init
                0x00000000080079e2       0x9c ./Drivers/STM32L4xx_HAL_Driver/Src/stm32l4xx_hal_uart.o
                0x00000000080079e2                HAL_UART_Init
 *fill*         0x0000000008007a7e        0x2 
 .text.UART_SetConfig
                0x0000000008007a80      0x570 ./Drivers/STM32L4xx_HAL_Driver/Src/stm32l4xx_hal_uart.o
                0x0000000008007a80                UART_SetConfig
 .text.UART_AdvFeatureConfig
                0x0000000008007ff0      0x144 ./Drivers/STM32L4xx_HAL_Driver/Src/stm32l4xx_hal_uart.o
                0x0000000008007ff0                UART_AdvFeatureConfig
 .text.UART_CheckIdleState
                0x0000000008008134       0x92 ./Drivers/STM32L4xx_HAL_Driver/Src/stm32l4xx_hal_uart.o
                0x0000000008008134                UART_CheckIdleState
 .text.UART_WaitOnFlagUntilTimeout
                0x00000000080081c6      0x188 ./Drivers/STM32L4xx_HAL_Driver/Src/stm32l4xx_hal_uart.o
                0x00000000080081c6                UART_WaitOnFlagUntilTimeout
 *fill*         0x000000000800834e        0x2 
 .text.FMC_NORSRAM_Init
                0x0000000008008350       0xf8 ./Drivers/STM32L4xx_HAL_Driver/Src/stm32l4xx_ll_fmc.o
                0x0000000008008350                FMC_NORSRAM_Init
 .text.FMC_NORSRAM_Timing_Init
                0x0000000008008448       0xa0 ./Drivers/STM32L4xx_HAL_Driver/Src/stm32l4xx_ll_fmc.o
                0x0000000008008448                FMC_NORSRAM_Timing_Init
 .text.FMC_NORSRAM_Extended_Timing_Init
                0x00000000080084e8       0x70 ./Drivers/STM32L4xx_HAL_Driver/Src/stm32l4xx_ll_fmc.o
                0x00000000080084e8                FMC_NORSRAM_Extended_Timing_Init
 .text.FMC_NORSRAM_WriteOperation_Disable
                0x0000000008008558       0x2c ./Drivers/STM32L4xx_HAL_Driver/Src/stm32l4xx_ll_fmc.o
                0x0000000008008558                FMC_NORSRAM_WriteOperation_Disable
 .text.SDMMC_Init
                0x0000000008008584       0x5a ./Drivers/STM32L4xx_HAL_Driver/Src/stm32l4xx_ll_sdmmc.o
                0x0000000008008584                SDMMC_Init
 .text.SDMMC_ReadFIFO
                0x00000000080085de       0x1a ./Drivers/STM32L4xx_HAL_Driver/Src/stm32l4xx_ll_sdmmc.o
                0x00000000080085de                SDMMC_ReadFIFO
 .text.SDMMC_PowerState_ON
                0x00000000080085f8       0x1e ./Drivers/STM32L4xx_HAL_Driver/Src/stm32l4xx_ll_sdmmc.o
                0x00000000080085f8                SDMMC_PowerState_ON
 .text.SDMMC_GetPowerState
                0x0000000008008616       0x1c ./Drivers/STM32L4xx_HAL_Driver/Src/stm32l4xx_ll_sdmmc.o
                0x0000000008008616                SDMMC_GetPowerState
 .text.SDMMC_SendCommand
                0x0000000008008632       0x54 ./Drivers/STM32L4xx_HAL_Driver/Src/stm32l4xx_ll_sdmmc.o
                0x0000000008008632                SDMMC_SendCommand
 .text.SDMMC_GetCommandResponse
                0x0000000008008686       0x1a ./Drivers/STM32L4xx_HAL_Driver/Src/stm32l4xx_ll_sdmmc.o
                0x0000000008008686                SDMMC_GetCommandResponse
 .text.SDMMC_GetResponse
                0x00000000080086a0       0x26 ./Drivers/STM32L4xx_HAL_Driver/Src/stm32l4xx_ll_sdmmc.o
                0x00000000080086a0                SDMMC_GetResponse
 .text.SDMMC_ConfigData
                0x00000000080086c6       0x58 ./Drivers/STM32L4xx_HAL_Driver/Src/stm32l4xx_ll_sdmmc.o
                0x00000000080086c6                SDMMC_ConfigData
 .text.SDMMC_CmdBlockLength
                0x000000000800871e       0x44 ./Drivers/STM32L4xx_HAL_Driver/Src/stm32l4xx_ll_sdmmc.o
                0x000000000800871e                SDMMC_CmdBlockLength
 .text.SDMMC_CmdSelDesel
                0x0000000008008762       0x46 ./Drivers/STM32L4xx_HAL_Driver/Src/stm32l4xx_ll_sdmmc.o
                0x0000000008008762                SDMMC_CmdSelDesel
 .text.SDMMC_CmdGoIdleState
                0x00000000080087a8       0x3c ./Drivers/STM32L4xx_HAL_Driver/Src/stm32l4xx_ll_sdmmc.o
                0x00000000080087a8                SDMMC_CmdGoIdleState
 .text.SDMMC_CmdOperCond
                0x00000000080087e4       0x3e ./Drivers/STM32L4xx_HAL_Driver/Src/stm32l4xx_ll_sdmmc.o
                0x00000000080087e4                SDMMC_CmdOperCond
 .text.SDMMC_CmdAppCommand
                0x0000000008008822       0x44 ./Drivers/STM32L4xx_HAL_Driver/Src/stm32l4xx_ll_sdmmc.o
                0x0000000008008822                SDMMC_CmdAppCommand
 .text.SDMMC_CmdAppOperCommand
                0x0000000008008866       0x46 ./Drivers/STM32L4xx_HAL_Driver/Src/stm32l4xx_ll_sdmmc.o
                0x0000000008008866                SDMMC_CmdAppOperCommand
 .text.SDMMC_CmdBusWidth
                0x00000000080088ac       0x44 ./Drivers/STM32L4xx_HAL_Driver/Src/stm32l4xx_ll_sdmmc.o
                0x00000000080088ac                SDMMC_CmdBusWidth
 .text.SDMMC_CmdSendSCR
                0x00000000080088f0       0x42 ./Drivers/STM32L4xx_HAL_Driver/Src/stm32l4xx_ll_sdmmc.o
                0x00000000080088f0                SDMMC_CmdSendSCR
 .text.SDMMC_CmdSendCID
                0x0000000008008932       0x3c ./Drivers/STM32L4xx_HAL_Driver/Src/stm32l4xx_ll_sdmmc.o
                0x0000000008008932                SDMMC_CmdSendCID
 .text.SDMMC_CmdSendCSD
                0x000000000800896e       0x3e ./Drivers/STM32L4xx_HAL_Driver/Src/stm32l4xx_ll_sdmmc.o
                0x000000000800896e                SDMMC_CmdSendCSD
 .text.SDMMC_CmdSetRelAdd
                0x00000000080089ac       0x42 ./Drivers/STM32L4xx_HAL_Driver/Src/stm32l4xx_ll_sdmmc.o
                0x00000000080089ac                SDMMC_CmdSetRelAdd
 *fill*         0x00000000080089ee        0x2 
 .text.SDMMC_GetCmdResp1
                0x00000000080089f0      0x1dc ./Drivers/STM32L4xx_HAL_Driver/Src/stm32l4xx_ll_sdmmc.o
                0x00000000080089f0                SDMMC_GetCmdResp1
 .text.SDMMC_GetCmdResp2
                0x0000000008008bcc       0x90 ./Drivers/STM32L4xx_HAL_Driver/Src/stm32l4xx_ll_sdmmc.o
                0x0000000008008bcc                SDMMC_GetCmdResp2
 .text.SDMMC_GetCmdResp3
                0x0000000008008c5c       0x7c ./Drivers/STM32L4xx_HAL_Driver/Src/stm32l4xx_ll_sdmmc.o
                0x0000000008008c5c                SDMMC_GetCmdResp3
 .text.SDMMC_GetCmdResp6
                0x0000000008008cd8       0xec ./Drivers/STM32L4xx_HAL_Driver/Src/stm32l4xx_ll_sdmmc.o
                0x0000000008008cd8                SDMMC_GetCmdResp6
 .text.SDMMC_GetCmdResp7
                0x0000000008008dc4       0x9c ./Drivers/STM32L4xx_HAL_Driver/Src/stm32l4xx_ll_sdmmc.o
                0x0000000008008dc4                SDMMC_GetCmdResp7
 .text.SDMMC_GetCmdError
                0x0000000008008e60       0x58 ./Drivers/STM32L4xx_HAL_Driver/Src/stm32l4xx_ll_sdmmc.o
 .text.USB_CoreInit
                0x0000000008008eb8       0x58 ./Drivers/STM32L4xx_HAL_Driver/Src/stm32l4xx_ll_usb.o
                0x0000000008008eb8                USB_CoreInit
 .text.USB_EnableGlobalInt
                0x0000000008008f10       0x22 ./Drivers/STM32L4xx_HAL_Driver/Src/stm32l4xx_ll_usb.o
                0x0000000008008f10                USB_EnableGlobalInt
 .text.USB_DisableGlobalInt
                0x0000000008008f32       0x22 ./Drivers/STM32L4xx_HAL_Driver/Src/stm32l4xx_ll_usb.o
                0x0000000008008f32                USB_DisableGlobalInt
 .text.USB_SetCurrentMode
                0x0000000008008f54       0x98 ./Drivers/STM32L4xx_HAL_Driver/Src/stm32l4xx_ll_usb.o
                0x0000000008008f54                USB_SetCurrentMode
 .text.USB_FlushTxFifo
                0x0000000008008fec       0x68 ./Drivers/STM32L4xx_HAL_Driver/Src/stm32l4xx_ll_usb.o
                0x0000000008008fec                USB_FlushTxFifo
 .text.USB_FlushRxFifo
                0x0000000008009054       0x60 ./Drivers/STM32L4xx_HAL_Driver/Src/stm32l4xx_ll_usb.o
                0x0000000008009054                USB_FlushRxFifo
 .text.USB_WritePacket
                0x00000000080090b4       0x74 ./Drivers/STM32L4xx_HAL_Driver/Src/stm32l4xx_ll_usb.o
                0x00000000080090b4                USB_WritePacket
 .text.USB_ReadPacket
                0x0000000008009128       0xb0 ./Drivers/STM32L4xx_HAL_Driver/Src/stm32l4xx_ll_usb.o
                0x0000000008009128                USB_ReadPacket
 .text.USB_ReadInterrupts
                0x00000000080091d8       0x26 ./Drivers/STM32L4xx_HAL_Driver/Src/stm32l4xx_ll_usb.o
                0x00000000080091d8                USB_ReadInterrupts
 .text.USB_GetMode
                0x00000000080091fe       0x1c ./Drivers/STM32L4xx_HAL_Driver/Src/stm32l4xx_ll_usb.o
                0x00000000080091fe                USB_GetMode
 *fill*         0x000000000800921a        0x2 
 .text.USB_CoreReset
                0x000000000800921c       0x68 ./Drivers/STM32L4xx_HAL_Driver/Src/stm32l4xx_ll_usb.o
 .text.USB_HostInit
                0x0000000008009284      0x104 ./Drivers/STM32L4xx_HAL_Driver/Src/stm32l4xx_ll_usb.o
                0x0000000008009284                USB_HostInit
 .text.USB_InitFSLSPClkSel
                0x0000000008009388       0x74 ./Drivers/STM32L4xx_HAL_Driver/Src/stm32l4xx_ll_usb.o
                0x0000000008009388                USB_InitFSLSPClkSel
 .text.USB_ResetPort
                0x00000000080093fc       0x54 ./Drivers/STM32L4xx_HAL_Driver/Src/stm32l4xx_ll_usb.o
                0x00000000080093fc                USB_ResetPort
 .text.USB_DriveVbus
                0x0000000008009450       0x72 ./Drivers/STM32L4xx_HAL_Driver/Src/stm32l4xx_ll_usb.o
                0x0000000008009450                USB_DriveVbus
 .text.USB_GetHostSpeed
                0x00000000080094c2       0x2e ./Drivers/STM32L4xx_HAL_Driver/Src/stm32l4xx_ll_usb.o
                0x00000000080094c2                USB_GetHostSpeed
 .text.USB_GetCurrentFrame
                0x00000000080094f0       0x22 ./Drivers/STM32L4xx_HAL_Driver/Src/stm32l4xx_ll_usb.o
                0x00000000080094f0                USB_GetCurrentFrame
 *fill*         0x0000000008009512        0x2 
 .text.USB_HC_Init
                0x0000000008009514      0x218 ./Drivers/STM32L4xx_HAL_Driver/Src/stm32l4xx_ll_usb.o
                0x0000000008009514                USB_HC_Init
 .text.USB_HC_StartXfer
                0x000000000800972c      0x1f0 ./Drivers/STM32L4xx_HAL_Driver/Src/stm32l4xx_ll_usb.o
                0x000000000800972c                USB_HC_StartXfer
 .text.USB_HC_ReadInterrupt
                0x000000000800991c       0x22 ./Drivers/STM32L4xx_HAL_Driver/Src/stm32l4xx_ll_usb.o
                0x000000000800991c                USB_HC_ReadInterrupt
 .text.USB_HC_Halt
                0x000000000800993e      0x1f8 ./Drivers/STM32L4xx_HAL_Driver/Src/stm32l4xx_ll_usb.o
                0x000000000800993e                USB_HC_Halt
 .text.USB_StopHost
                0x0000000008009b36      0x124 ./Drivers/STM32L4xx_HAL_Driver/Src/stm32l4xx_ll_usb.o
                0x0000000008009b36                USB_StopHost
 .text.USBH_CDC_InterfaceInit
                0x0000000008009c5a      0x2ac ./Middlewares/ST/STM32_USB_Host_Library/Class/CDC/Src/usbh_cdc.o
 .text.USBH_CDC_InterfaceDeInit
                0x0000000008009f06       0xb2 ./Middlewares/ST/STM32_USB_Host_Library/Class/CDC/Src/usbh_cdc.o
 .text.USBH_CDC_ClassRequest
                0x0000000008009fb8       0x3e ./Middlewares/ST/STM32_USB_Host_Library/Class/CDC/Src/usbh_cdc.o
 *fill*         0x0000000008009ff6        0x2 
 .text.USBH_CDC_Process
                0x0000000008009ff8      0x12c ./Middlewares/ST/STM32_USB_Host_Library/Class/CDC/Src/usbh_cdc.o
 .text.USBH_CDC_SOFProcess
                0x000000000800a124       0x16 ./Middlewares/ST/STM32_USB_Host_Library/Class/CDC/Src/usbh_cdc.o
 .text.GetLineCoding
                0x000000000800a13a       0x3e ./Middlewares/ST/STM32_USB_Host_Library/Class/CDC/Src/usbh_cdc.o
 .text.SetLineCoding
                0x000000000800a178       0x3e ./Middlewares/ST/STM32_USB_Host_Library/Class/CDC/Src/usbh_cdc.o
 .text.CDC_ProcessTransmission
                0x000000000800a1b6       0xec ./Middlewares/ST/STM32_USB_Host_Library/Class/CDC/Src/usbh_cdc.o
 .text.CDC_ProcessReception
                0x000000000800a2a2       0xb6 ./Middlewares/ST/STM32_USB_Host_Library/Class/CDC/Src/usbh_cdc.o
 .text.USBH_CDC_TransmitCallback
                0x000000000800a358       0x14 ./Middlewares/ST/STM32_USB_Host_Library/Class/CDC/Src/usbh_cdc.o
                0x000000000800a358                USBH_CDC_TransmitCallback
 .text.USBH_CDC_ReceiveCallback
                0x000000000800a36c       0x14 ./Middlewares/ST/STM32_USB_Host_Library/Class/CDC/Src/usbh_cdc.o
                0x000000000800a36c                USBH_CDC_ReceiveCallback
 .text.USBH_CDC_LineCodingChanged
                0x000000000800a380       0x14 ./Middlewares/ST/STM32_USB_Host_Library/Class/CDC/Src/usbh_cdc.o
                0x000000000800a380                USBH_CDC_LineCodingChanged
 .text.USBH_Init
                0x000000000800a394       0x74 ./Middlewares/ST/STM32_USB_Host_Library/Core/Src/usbh_core.o
                0x000000000800a394                USBH_Init
 .text.DeInitStateMachine
                0x000000000800a408       0xa8 ./Middlewares/ST/STM32_USB_Host_Library/Core/Src/usbh_core.o
 .text.USBH_RegisterClass
                0x000000000800a4b0       0x54 ./Middlewares/ST/STM32_USB_Host_Library/Core/Src/usbh_core.o
                0x000000000800a4b0                USBH_RegisterClass
 .text.USBH_SelectInterface
                0x000000000800a504       0x38 ./Middlewares/ST/STM32_USB_Host_Library/Core/Src/usbh_core.o
                0x000000000800a504                USBH_SelectInterface
 .text.USBH_FindInterface
                0x000000000800a53c       0x8c ./Middlewares/ST/STM32_USB_Host_Library/Core/Src/usbh_core.o
                0x000000000800a53c                USBH_FindInterface
 .text.USBH_Start
                0x000000000800a5c8       0x20 ./Middlewares/ST/STM32_USB_Host_Library/Core/Src/usbh_core.o
                0x000000000800a5c8                USBH_Start
 .text.USBH_Process
                0x000000000800a5e8      0x3c0 ./Middlewares/ST/STM32_USB_Host_Library/Core/Src/usbh_core.o
                0x000000000800a5e8                USBH_Process
 .text.USBH_HandleEnum
                0x000000000800a9a8      0x3c8 ./Middlewares/ST/STM32_USB_Host_Library/Core/Src/usbh_core.o
 .text.USBH_LL_SetTimer
                0x000000000800ad70       0x1e ./Middlewares/ST/STM32_USB_Host_Library/Core/Src/usbh_core.o
                0x000000000800ad70                USBH_LL_SetTimer
 .text.USBH_LL_IncTimer
                0x000000000800ad8e       0x24 ./Middlewares/ST/STM32_USB_Host_Library/Core/Src/usbh_core.o
                0x000000000800ad8e                USBH_LL_IncTimer
 .text.USBH_HandleSof
                0x000000000800adb2       0x30 ./Middlewares/ST/STM32_USB_Host_Library/Core/Src/usbh_core.o
 .text.USBH_LL_PortEnabled
                0x000000000800ade2       0x1c ./Middlewares/ST/STM32_USB_Host_Library/Core/Src/usbh_core.o
                0x000000000800ade2                USBH_LL_PortEnabled
 .text.USBH_LL_PortDisabled
                0x000000000800adfe       0x1c ./Middlewares/ST/STM32_USB_Host_Library/Core/Src/usbh_core.o
                0x000000000800adfe                USBH_LL_PortDisabled
 .text.USBH_LL_Connect
                0x000000000800ae1a       0x2e ./Middlewares/ST/STM32_USB_Host_Library/Core/Src/usbh_core.o
                0x000000000800ae1a                USBH_LL_Connect
 .text.USBH_LL_Disconnect
                0x000000000800ae48       0x48 ./Middlewares/ST/STM32_USB_Host_Library/Core/Src/usbh_core.o
                0x000000000800ae48                USBH_LL_Disconnect
 .text.USBH_Get_DevDesc
                0x000000000800ae90       0x50 ./Middlewares/ST/STM32_USB_Host_Library/Core/Src/usbh_ctlreq.o
                0x000000000800ae90                USBH_Get_DevDesc
 .text.USBH_Get_CfgDesc
                0x000000000800aee0       0x48 ./Middlewares/ST/STM32_USB_Host_Library/Core/Src/usbh_ctlreq.o
                0x000000000800aee0                USBH_Get_CfgDesc
 .text.USBH_Get_StringDesc
                0x000000000800af28       0x56 ./Middlewares/ST/STM32_USB_Host_Library/Core/Src/usbh_ctlreq.o
                0x000000000800af28                USBH_Get_StringDesc
 .text.USBH_GetDescriptor
                0x000000000800af7e       0x6a ./Middlewares/ST/STM32_USB_Host_Library/Core/Src/usbh_ctlreq.o
                0x000000000800af7e                USBH_GetDescriptor
 .text.USBH_SetAddress
                0x000000000800afe8       0x48 ./Middlewares/ST/STM32_USB_Host_Library/Core/Src/usbh_ctlreq.o
                0x000000000800afe8                USBH_SetAddress
 .text.USBH_SetCfg
                0x000000000800b030       0x46 ./Middlewares/ST/STM32_USB_Host_Library/Core/Src/usbh_ctlreq.o
                0x000000000800b030                USBH_SetCfg
 .text.USBH_SetFeature
                0x000000000800b076       0x48 ./Middlewares/ST/STM32_USB_Host_Library/Core/Src/usbh_ctlreq.o
                0x000000000800b076                USBH_SetFeature
 .text.USBH_ClrFeature
                0x000000000800b0be       0x48 ./Middlewares/ST/STM32_USB_Host_Library/Core/Src/usbh_ctlreq.o
                0x000000000800b0be                USBH_ClrFeature
 .text.USBH_ParseDevDesc
                0x000000000800b106       0xe0 ./Middlewares/ST/STM32_USB_Host_Library/Core/Src/usbh_ctlreq.o
 .text.USBH_ParseCfgDesc
                0x000000000800b1e6      0x144 ./Middlewares/ST/STM32_USB_Host_Library/Core/Src/usbh_ctlreq.o
 .text.USBH_ParseInterfaceDesc
                0x000000000800b32a       0x5e ./Middlewares/ST/STM32_USB_Host_Library/Core/Src/usbh_ctlreq.o
 .text.USBH_ParseEPDesc
                0x000000000800b388       0x5a ./Middlewares/ST/STM32_USB_Host_Library/Core/Src/usbh_ctlreq.o
 .text.USBH_ParseStringDesc
                0x000000000800b3e2       0x66 ./Middlewares/ST/STM32_USB_Host_Library/Core/Src/usbh_ctlreq.o
 .text.USBH_GetNextDesc
                0x000000000800b448       0x36 ./Middlewares/ST/STM32_USB_Host_Library/Core/Src/usbh_ctlreq.o
                0x000000000800b448                USBH_GetNextDesc
 .text.USBH_CtlReq
                0x000000000800b47e       0x7a ./Middlewares/ST/STM32_USB_Host_Library/Core/Src/usbh_ctlreq.o
                0x000000000800b47e                USBH_CtlReq
 .text.USBH_HandleControl
                0x000000000800b4f8      0x2e8 ./Middlewares/ST/STM32_USB_Host_Library/Core/Src/usbh_ctlreq.o
 .text.USBH_CtlSendSetup
                0x000000000800b7e0       0x34 ./Middlewares/ST/STM32_USB_Host_Library/Core/Src/usbh_ioreq.o
                0x000000000800b7e0                USBH_CtlSendSetup
 .text.USBH_CtlSendData
                0x000000000800b814       0x4a ./Middlewares/ST/STM32_USB_Host_Library/Core/Src/usbh_ioreq.o
                0x000000000800b814                USBH_CtlSendData
 .text.USBH_CtlReceiveData
                0x000000000800b85e       0x3c ./Middlewares/ST/STM32_USB_Host_Library/Core/Src/usbh_ioreq.o
                0x000000000800b85e                USBH_CtlReceiveData
 .text.USBH_BulkSendData
                0x000000000800b89a       0x4a ./Middlewares/ST/STM32_USB_Host_Library/Core/Src/usbh_ioreq.o
                0x000000000800b89a                USBH_BulkSendData
 .text.USBH_BulkReceiveData
                0x000000000800b8e4       0x3c ./Middlewares/ST/STM32_USB_Host_Library/Core/Src/usbh_ioreq.o
                0x000000000800b8e4                USBH_BulkReceiveData
 .text.USBH_OpenPipe
                0x000000000800b920       0x3e ./Middlewares/ST/STM32_USB_Host_Library/Core/Src/usbh_pipes.o
                0x000000000800b920                USBH_OpenPipe
 .text.USBH_ClosePipe
                0x000000000800b95e       0x20 ./Middlewares/ST/STM32_USB_Host_Library/Core/Src/usbh_pipes.o
                0x000000000800b95e                USBH_ClosePipe
 .text.USBH_AllocPipe
                0x000000000800b97e       0x42 ./Middlewares/ST/STM32_USB_Host_Library/Core/Src/usbh_pipes.o
                0x000000000800b97e                USBH_AllocPipe
 .text.USBH_FreePipe
                0x000000000800b9c0       0x3c ./Middlewares/ST/STM32_USB_Host_Library/Core/Src/usbh_pipes.o
                0x000000000800b9c0                USBH_FreePipe
 .text.USBH_GetFreePipe
                0x000000000800b9fc       0x48 ./Middlewares/ST/STM32_USB_Host_Library/Core/Src/usbh_pipes.o
 .text.main     0x000000000800ba44       0x52 ./Src/main.o
                0x000000000800ba44                main
 .text.SystemClock_Config
                0x000000000800ba96       0x9e ./Src/main.o
                0x000000000800ba96                SystemClock_Config
 .text.PeriphCommonClock_Config
                0x000000000800bb34       0x5c ./Src/main.o
                0x000000000800bb34                PeriphCommonClock_Config
 .text.MX_ADC1_Init
                0x000000000800bb90       0xec ./Src/main.o
 .text.MX_CAN1_Init
                0x000000000800bc7c       0x6c ./Src/main.o
 .text.MX_COMP2_Init
                0x000000000800bce8       0x5c ./Src/main.o
 .text.MX_DAC1_Init
                0x000000000800bd44       0x64 ./Src/main.o
 .text.MX_I2C1_Init
                0x000000000800bda8       0x80 ./Src/main.o
 .text.MX_LPUART1_UART_Init
                0x000000000800be28       0x5c ./Src/main.o
 .text.MX_USART1_UART_Init
                0x000000000800be84       0x60 ./Src/main.o
 .text.MX_USART3_SMARTCARD_Init
                0x000000000800bee4       0x94 ./Src/main.o
 .text.MX_OPAMP1_Init
                0x000000000800bf78       0x4c ./Src/main.o
 .text.MX_SAI1_Init
                0x000000000800bfc4      0x10c ./Src/main.o
 .text.MX_SDMMC1_SD_Init
                0x000000000800c0d0       0x60 ./Src/main.o
 .text.MX_SPI2_Init
                0x000000000800c130       0x7c ./Src/main.o
 .text.MX_FMC_Init
                0x000000000800c1ac      0x150 ./Src/main.o
 .text.MX_GPIO_Init
                0x000000000800c2fc      0x240 ./Src/main.o
 .text.Error_Handler
                0x000000000800c53c        0xa ./Src/main.o
                0x000000000800c53c                Error_Handler
 *fill*         0x000000000800c546        0x2 
 .text.HAL_MspInit
                0x000000000800c548       0x48 ./Src/stm32l4xx_hal_msp.o
                0x000000000800c548                HAL_MspInit
 .text.HAL_ADC_MspInit
                0x000000000800c590       0xb0 ./Src/stm32l4xx_hal_msp.o
                0x000000000800c590                HAL_ADC_MspInit
 .text.HAL_CAN_MspInit
                0x000000000800c640       0x88 ./Src/stm32l4xx_hal_msp.o
                0x000000000800c640                HAL_CAN_MspInit
 .text.HAL_COMP_MspInit
                0x000000000800c6c8       0x88 ./Src/stm32l4xx_hal_msp.o
                0x000000000800c6c8                HAL_COMP_MspInit
 .text.HAL_DAC_MspInit
                0x000000000800c750       0x7c ./Src/stm32l4xx_hal_msp.o
                0x000000000800c750                HAL_DAC_MspInit
 .text.HAL_I2C_MspInit
                0x000000000800c7cc       0xc0 ./Src/stm32l4xx_hal_msp.o
                0x000000000800c7cc                HAL_I2C_MspInit
 .text.HAL_UART_MspInit
                0x000000000800c88c      0x194 ./Src/stm32l4xx_hal_msp.o
                0x000000000800c88c                HAL_UART_MspInit
 .text.HAL_SMARTCARD_MspInit
                0x000000000800ca20      0x100 ./Src/stm32l4xx_hal_msp.o
                0x000000000800ca20                HAL_SMARTCARD_MspInit
 .text.HAL_OPAMP_MspInit
                0x000000000800cb20       0x7c ./Src/stm32l4xx_hal_msp.o
                0x000000000800cb20                HAL_OPAMP_MspInit
 .text.HAL_SD_MspInit
                0x000000000800cb9c      0x108 ./Src/stm32l4xx_hal_msp.o
                0x000000000800cb9c                HAL_SD_MspInit
 .text.HAL_SPI_MspInit
                0x000000000800cca4       0x88 ./Src/stm32l4xx_hal_msp.o
                0x000000000800cca4                HAL_SPI_MspInit
 .text.HAL_FMC_MspInit
                0x000000000800cd2c       0xdc ./Src/stm32l4xx_hal_msp.o
 .text.HAL_NOR_MspInit
                0x000000000800ce08       0x14 ./Src/stm32l4xx_hal_msp.o
                0x000000000800ce08                HAL_NOR_MspInit
 .text.HAL_SRAM_MspInit
                0x000000000800ce1c       0x14 ./Src/stm32l4xx_hal_msp.o
                0x000000000800ce1c                HAL_SRAM_MspInit
 .text.HAL_SAI_MspInit
                0x000000000800ce30       0xd4 ./Src/stm32l4xx_hal_msp.o
                0x000000000800ce30                HAL_SAI_MspInit
 .text.NMI_Handler
                0x000000000800cf04        0x6 ./Src/stm32l4xx_it.o
                0x000000000800cf04                NMI_Handler
 .text.HardFault_Handler
                0x000000000800cf0a        0x6 ./Src/stm32l4xx_it.o
                0x000000000800cf0a                HardFault_Handler
 .text.MemManage_Handler
                0x000000000800cf10        0x6 ./Src/stm32l4xx_it.o
                0x000000000800cf10                MemManage_Handler
 .text.BusFault_Handler
                0x000000000800cf16        0x6 ./Src/stm32l4xx_it.o
                0x000000000800cf16                BusFault_Handler
 .text.UsageFault_Handler
                0x000000000800cf1c        0x6 ./Src/stm32l4xx_it.o
                0x000000000800cf1c                UsageFault_Handler
 .text.SVC_Handler
                0x000000000800cf22        0xe ./Src/stm32l4xx_it.o
                0x000000000800cf22                SVC_Handler
 .text.DebugMon_Handler
                0x000000000800cf30        0xe ./Src/stm32l4xx_it.o
                0x000000000800cf30                DebugMon_Handler
 .text.PendSV_Handler
                0x000000000800cf3e        0xe ./Src/stm32l4xx_it.o
                0x000000000800cf3e                PendSV_Handler
 .text.SysTick_Handler
                0x000000000800cf4c        0xc ./Src/stm32l4xx_it.o
                0x000000000800cf4c                SysTick_Handler
 .text.OTG_FS_IRQHandler
                0x000000000800cf58       0x14 ./Src/stm32l4xx_it.o
                0x000000000800cf58                OTG_FS_IRQHandler
 .text._sbrk    0x000000000800cf6c       0x6c ./Src/sysmem.o
                0x000000000800cf6c                _sbrk
 .text.SystemInit
                0x000000000800cfd8       0x24 ./Src/system_stm32l4xx.o
                0x000000000800cfd8                SystemInit
 .text.MX_USB_HOST_Init
                0x000000000800cffc       0x4c ./Src/usb_host.o
                0x000000000800cffc                MX_USB_HOST_Init
 .text.MX_USB_HOST_Process
                0x000000000800d048       0x14 ./Src/usb_host.o
                0x000000000800d048                MX_USB_HOST_Process
 .text.USBH_UserProcess
                0x000000000800d05c       0x5c ./Src/usb_host.o
 .text.HAL_HCD_MspInit
                0x000000000800d0b8      0x128 ./Src/usbh_conf.o
                0x000000000800d0b8                HAL_HCD_MspInit
 .text.HAL_HCD_SOF_Callback
                0x000000000800d1e0       0x1c ./Src/usbh_conf.o
                0x000000000800d1e0                HAL_HCD_SOF_Callback
 .text.HAL_HCD_Connect_Callback
                0x000000000800d1fc       0x1c ./Src/usbh_conf.o
                0x000000000800d1fc                HAL_HCD_Connect_Callback
 .text.HAL_HCD_Disconnect_Callback
                0x000000000800d218       0x1c ./Src/usbh_conf.o
                0x000000000800d218                HAL_HCD_Disconnect_Callback
 .text.HAL_HCD_HC_NotifyURBChange_Callback
                0x000000000800d234       0x1c ./Src/usbh_conf.o
                0x000000000800d234                HAL_HCD_HC_NotifyURBChange_Callback
 .text.HAL_HCD_PortEnabled_Callback
                0x000000000800d250       0x1c ./Src/usbh_conf.o
                0x000000000800d250                HAL_HCD_PortEnabled_Callback
 .text.HAL_HCD_PortDisabled_Callback
                0x000000000800d26c       0x1c ./Src/usbh_conf.o
                0x000000000800d26c                HAL_HCD_PortDisabled_Callback
 .text.USBH_LL_Init
                0x000000000800d288       0x78 ./Src/usbh_conf.o
                0x000000000800d288                USBH_LL_Init
 .text.USBH_LL_Start
                0x000000000800d300       0x36 ./Src/usbh_conf.o
                0x000000000800d300                USBH_LL_Start
 .text.USBH_LL_Stop
                0x000000000800d336       0x36 ./Src/usbh_conf.o
                0x000000000800d336                USBH_LL_Stop
 .text.USBH_LL_GetSpeed
                0x000000000800d36c       0x4e ./Src/usbh_conf.o
                0x000000000800d36c                USBH_LL_GetSpeed
 .text.USBH_LL_ResetPort
                0x000000000800d3ba       0x36 ./Src/usbh_conf.o
                0x000000000800d3ba                USBH_LL_ResetPort
 .text.USBH_LL_GetLastXferSize
                0x000000000800d3f0       0x26 ./Src/usbh_conf.o
                0x000000000800d3f0                USBH_LL_GetLastXferSize
 .text.USBH_LL_OpenPipe
                0x000000000800d416       0x5e ./Src/usbh_conf.o
                0x000000000800d416                USBH_LL_OpenPipe
 .text.USBH_LL_ClosePipe
                0x000000000800d474       0x3e ./Src/usbh_conf.o
                0x000000000800d474                USBH_LL_ClosePipe
 .text.USBH_LL_SubmitURB
                0x000000000800d4b2       0x62 ./Src/usbh_conf.o
                0x000000000800d4b2                USBH_LL_SubmitURB
 .text.USBH_LL_GetURBState
                0x000000000800d514       0x26 ./Src/usbh_conf.o
                0x000000000800d514                USBH_LL_GetURBState
 .text.USBH_LL_DriverVBUS
                0x000000000800d53a       0x2e ./Src/usbh_conf.o
                0x000000000800d53a                USBH_LL_DriverVBUS
 .text.USBH_LL_SetToggle
                0x000000000800d568       0x60 ./Src/usbh_conf.o
                0x000000000800d568                USBH_LL_SetToggle
 .text.USBH_Delay
                0x000000000800d5c8       0x16 ./Src/usbh_conf.o
                0x000000000800d5c8                USBH_Delay
 *fill*         0x000000000800d5de        0x2 
 .text.USBH_Get_USB_Status
                0x000000000800d5e0       0x58 ./Src/usbh_conf.o
                0x000000000800d5e0                USBH_Get_USB_Status
 .text.MX_DriverVbusFS
                0x000000000800d638       0x38 ./Src/usbh_platform.o
                0x000000000800d638                MX_DriverVbusFS
 .text.Reset_Handler
                0x000000000800d670       0x50 ./Startup/startup_stm32l476zgtx.o
                0x000000000800d670                Reset_Handler
 .text.Default_Handler
                0x000000000800d6c0        0x2 ./Startup/startup_stm32l476zgtx.o
                0x000000000800d6c0                RTC_Alarm_IRQHandler
                0x000000000800d6c0                EXTI2_IRQHandler
                0x000000000800d6c0                TIM8_TRG_COM_IRQHandler
                0x000000000800d6c0                TIM8_CC_IRQHandler
                0x000000000800d6c0                TIM1_CC_IRQHandler
                0x000000000800d6c0                TSC_IRQHandler
                0x000000000800d6c0                TAMP_STAMP_IRQHandler
                0x000000000800d6c0                EXTI3_IRQHandler
                0x000000000800d6c0                LPTIM2_IRQHandler
                0x000000000800d6c0                DFSDM1_FLT1_IRQHandler
                0x000000000800d6c0                I2C3_ER_IRQHandler
                0x000000000800d6c0                DFSDM1_FLT2_IRQHandler
                0x000000000800d6c0                EXTI0_IRQHandler
                0x000000000800d6c0                I2C2_EV_IRQHandler
                0x000000000800d6c0                CAN1_RX0_IRQHandler
                0x000000000800d6c0                FPU_IRQHandler
                0x000000000800d6c0                TIM1_UP_TIM16_IRQHandler
                0x000000000800d6c0                ADC1_2_IRQHandler
                0x000000000800d6c0                SPI1_IRQHandler
                0x000000000800d6c0                TIM6_DAC_IRQHandler
                0x000000000800d6c0                TIM8_UP_IRQHandler
                0x000000000800d6c0                DMA2_Channel2_IRQHandler
                0x000000000800d6c0                DMA1_Channel4_IRQHandler
                0x000000000800d6c0                SAI2_IRQHandler
                0x000000000800d6c0                DFSDM1_FLT3_IRQHandler
                0x000000000800d6c0                USART3_IRQHandler
                0x000000000800d6c0                DMA1_Channel7_IRQHandler
                0x000000000800d6c0                CAN1_RX1_IRQHandler
                0x000000000800d6c0                LCD_IRQHandler
                0x000000000800d6c0                UART5_IRQHandler
                0x000000000800d6c0                ADC3_IRQHandler
                0x000000000800d6c0                TIM4_IRQHandler
                0x000000000800d6c0                DMA2_Channel1_IRQHandler
                0x000000000800d6c0                QUADSPI_IRQHandler
                0x000000000800d6c0                I2C1_EV_IRQHandler
                0x000000000800d6c0                DMA1_Channel6_IRQHandler
                0x000000000800d6c0                UART4_IRQHandler
                0x000000000800d6c0                DMA2_Channel4_IRQHandler
                0x000000000800d6c0                TIM3_IRQHandler
                0x000000000800d6c0                RCC_IRQHandler
                0x000000000800d6c0                DMA1_Channel1_IRQHandler
                0x000000000800d6c0                Default_Handler
                0x000000000800d6c0                DMA2_Channel7_IRQHandler
                0x000000000800d6c0                EXTI15_10_IRQHandler
                0x000000000800d6c0                TIM7_IRQHandler
                0x000000000800d6c0                SDMMC1_IRQHandler
                0x000000000800d6c0                TIM5_IRQHandler
                0x000000000800d6c0                I2C3_EV_IRQHandler
                0x000000000800d6c0                EXTI9_5_IRQHandler
                0x000000000800d6c0                RTC_WKUP_IRQHandler
                0x000000000800d6c0                PVD_PVM_IRQHandler
                0x000000000800d6c0                SPI2_IRQHandler
                0x000000000800d6c0                CAN1_TX_IRQHandler
                0x000000000800d6c0                DMA2_Channel5_IRQHandler
                0x000000000800d6c0                DMA1_Channel5_IRQHandler
                0x000000000800d6c0                EXTI4_IRQHandler
                0x000000000800d6c0                RNG_IRQHandler
                0x000000000800d6c0                TIM1_TRG_COM_TIM17_IRQHandler
                0x000000000800d6c0                DMA1_Channel3_IRQHandler
                0x000000000800d6c0                COMP_IRQHandler
                0x000000000800d6c0                WWDG_IRQHandler
                0x000000000800d6c0                LPUART1_IRQHandler
                0x000000000800d6c0                DMA2_Channel6_IRQHandler
                0x000000000800d6c0                TIM2_IRQHandler
                0x000000000800d6c0                EXTI1_IRQHandler
                0x000000000800d6c0                USART2_IRQHandler
                0x000000000800d6c0                DFSDM1_FLT0_IRQHandler
                0x000000000800d6c0                I2C2_ER_IRQHandler
                0x000000000800d6c0                DMA1_Channel2_IRQHandler
                0x000000000800d6c0                TIM8_BRK_IRQHandler
                0x000000000800d6c0                CAN1_SCE_IRQHandler
                0x000000000800d6c0                FLASH_IRQHandler
                0x000000000800d6c0                USART1_IRQHandler
                0x000000000800d6c0                SPI3_IRQHandler
                0x000000000800d6c0                I2C1_ER_IRQHandler
                0x000000000800d6c0                FMC_IRQHandler
                0x000000000800d6c0                SWPMI1_IRQHandler
                0x000000000800d6c0                LPTIM1_IRQHandler
                0x000000000800d6c0                SAI1_IRQHandler
                0x000000000800d6c0                DMA2_Channel3_IRQHandler
                0x000000000800d6c0                TIM1_BRK_TIM15_IRQHandler
 *fill*         0x000000000800d6c2        0x2 
 .text.__errno  0x000000000800d6c4        0xc h:/logiciels/stm32cubeide_1.12.1/stm32cubeide/plugins/com.st.stm32cube.ide.mcu.externaltools.gnu-tools-for-stm32.10.3-2021.10.win32_1.0.200.202301161003/tools/bin/../lib/gcc/arm-none-eabi/10.3.1/../../../../arm-none-eabi/lib/thumb/v7e-m+fp/hard\libc_nano.a(lib_a-errno.o)
                0x000000000800d6c4                __errno
 .text.__libc_init_array
                0x000000000800d6d0       0x48 h:/logiciels/stm32cubeide_1.12.1/stm32cubeide/plugins/com.st.stm32cube.ide.mcu.externaltools.gnu-tools-for-stm32.10.3-2021.10.win32_1.0.200.202301161003/tools/bin/../lib/gcc/arm-none-eabi/10.3.1/../../../../arm-none-eabi/lib/thumb/v7e-m+fp/hard\libc_nano.a(lib_a-init.o)
                0x000000000800d6d0                __libc_init_array
 .text.malloc   0x000000000800d718       0x10 h:/logiciels/stm32cubeide_1.12.1/stm32cubeide/plugins/com.st.stm32cube.ide.mcu.externaltools.gnu-tools-for-stm32.10.3-2021.10.win32_1.0.200.202301161003/tools/bin/../lib/gcc/arm-none-eabi/10.3.1/../../../../arm-none-eabi/lib/thumb/v7e-m+fp/hard\libc_nano.a(lib_a-malloc.o)
                0x000000000800d718                malloc
 .text.free     0x000000000800d728       0x10 h:/logiciels/stm32cubeide_1.12.1/stm32cubeide/plugins/com.st.stm32cube.ide.mcu.externaltools.gnu-tools-for-stm32.10.3-2021.10.win32_1.0.200.202301161003/tools/bin/../lib/gcc/arm-none-eabi/10.3.1/../../../../arm-none-eabi/lib/thumb/v7e-m+fp/hard\libc_nano.a(lib_a-malloc.o)
                0x000000000800d728                free
 .text.memset   0x000000000800d738       0x10 h:/logiciels/stm32cubeide_1.12.1/stm32cubeide/plugins/com.st.stm32cube.ide.mcu.externaltools.gnu-tools-for-stm32.10.3-2021.10.win32_1.0.200.202301161003/tools/bin/../lib/gcc/arm-none-eabi/10.3.1/../../../../arm-none-eabi/lib/thumb/v7e-m+fp/hard\libc_nano.a(lib_a-memset.o)
                0x000000000800d738                memset
 .text._free_r  0x000000000800d748       0x98 h:/logiciels/stm32cubeide_1.12.1/stm32cubeide/plugins/com.st.stm32cube.ide.mcu.externaltools.gnu-tools-for-stm32.10.3-2021.10.win32_1.0.200.202301161003/tools/bin/../lib/gcc/arm-none-eabi/10.3.1/../../../../arm-none-eabi/lib/thumb/v7e-m+fp/hard\libc_nano.a(lib_a-nano-freer.o)
                0x000000000800d748                _free_r
 .text.sbrk_aligned
                0x000000000800d7e0       0x40 h:/logiciels/stm32cubeide_1.12.1/stm32cubeide/plugins/com.st.stm32cube.ide.mcu.externaltools.gnu-tools-for-stm32.10.3-2021.10.win32_1.0.200.202301161003/tools/bin/../lib/gcc/arm-none-eabi/10.3.1/../../../../arm-none-eabi/lib/thumb/v7e-m+fp/hard\libc_nano.a(lib_a-nano-mallocr.o)
 .text._malloc_r
                0x000000000800d820       0xe8 h:/logiciels/stm32cubeide_1.12.1/stm32cubeide/plugins/com.st.stm32cube.ide.mcu.externaltools.gnu-tools-for-stm32.10.3-2021.10.win32_1.0.200.202301161003/tools/bin/../lib/gcc/arm-none-eabi/10.3.1/../../../../arm-none-eabi/lib/thumb/v7e-m+fp/hard\libc_nano.a(lib_a-nano-mallocr.o)
                0x000000000800d820                _malloc_r
 .text._sbrk_r  0x000000000800d908       0x20 h:/logiciels/stm32cubeide_1.12.1/stm32cubeide/plugins/com.st.stm32cube.ide.mcu.externaltools.gnu-tools-for-stm32.10.3-2021.10.win32_1.0.200.202301161003/tools/bin/../lib/gcc/arm-none-eabi/10.3.1/../../../../arm-none-eabi/lib/thumb/v7e-m+fp/hard\libc_nano.a(lib_a-sbrkr.o)
                0x000000000800d908                _sbrk_r
 .text.__malloc_lock
                0x000000000800d928        0xc h:/logiciels/stm32cubeide_1.12.1/stm32cubeide/plugins/com.st.stm32cube.ide.mcu.externaltools.gnu-tools-for-stm32.10.3-2021.10.win32_1.0.200.202301161003/tools/bin/../lib/gcc/arm-none-eabi/10.3.1/../../../../arm-none-eabi/lib/thumb/v7e-m+fp/hard\libc_nano.a(lib_a-mlock.o)
                0x000000000800d928                __malloc_lock
 .text.__malloc_unlock
                0x000000000800d934        0xc h:/logiciels/stm32cubeide_1.12.1/stm32cubeide/plugins/com.st.stm32cube.ide.mcu.externaltools.gnu-tools-for-stm32.10.3-2021.10.win32_1.0.200.202301161003/tools/bin/../lib/gcc/arm-none-eabi/10.3.1/../../../../arm-none-eabi/lib/thumb/v7e-m+fp/hard\libc_nano.a(lib_a-mlock.o)
                0x000000000800d934                __malloc_unlock
 .text.__retarget_lock_acquire_recursive
                0x000000000800d940        0x2 h:/logiciels/stm32cubeide_1.12.1/stm32cubeide/plugins/com.st.stm32cube.ide.mcu.externaltools.gnu-tools-for-stm32.10.3-2021.10.win32_1.0.200.202301161003/tools/bin/../lib/gcc/arm-none-eabi/10.3.1/../../../../arm-none-eabi/lib/thumb/v7e-m+fp/hard\libc_nano.a(lib_a-lock.o)
                0x000000000800d940                __retarget_lock_acquire_recursive
 .text.__retarget_lock_release_recursive
                0x000000000800d942        0x2 h:/logiciels/stm32cubeide_1.12.1/stm32cubeide/plugins/com.st.stm32cube.ide.mcu.externaltools.gnu-tools-for-stm32.10.3-2021.10.win32_1.0.200.202301161003/tools/bin/../lib/gcc/arm-none-eabi/10.3.1/../../../../arm-none-eabi/lib/thumb/v7e-m+fp/hard\libc_nano.a(lib_a-lock.o)
                0x000000000800d942                __retarget_lock_release_recursive
 *(.glue_7)
 .glue_7        0x000000000800d944        0x0 linker stubs
 *(.glue_7t)
 .glue_7t       0x000000000800d944        0x0 linker stubs
 *(.eh_frame)
 .eh_frame      0x000000000800d944        0x0 h:/logiciels/stm32cubeide_1.12.1/stm32cubeide/plugins/com.st.stm32cube.ide.mcu.externaltools.gnu-tools-for-stm32.10.3-2021.10.win32_1.0.200.202301161003/tools/bin/../lib/gcc/arm-none-eabi/10.3.1/thumb/v7e-m+fp/hard/crtbegin.o
 *(.init)
 .init          0x000000000800d944        0x4 h:/logiciels/stm32cubeide_1.12.1/stm32cubeide/plugins/com.st.stm32cube.ide.mcu.externaltools.gnu-tools-for-stm32.10.3-2021.10.win32_1.0.200.202301161003/tools/bin/../lib/gcc/arm-none-eabi/10.3.1/thumb/v7e-m+fp/hard/crti.o
                0x000000000800d944                _init
 .init          0x000000000800d948        0x8 h:/logiciels/stm32cubeide_1.12.1/stm32cubeide/plugins/com.st.stm32cube.ide.mcu.externaltools.gnu-tools-for-stm32.10.3-2021.10.win32_1.0.200.202301161003/tools/bin/../lib/gcc/arm-none-eabi/10.3.1/thumb/v7e-m+fp/hard/crtn.o
 *(.fini)
 .fini          0x000000000800d950        0x4 h:/logiciels/stm32cubeide_1.12.1/stm32cubeide/plugins/com.st.stm32cube.ide.mcu.externaltools.gnu-tools-for-stm32.10.3-2021.10.win32_1.0.200.202301161003/tools/bin/../lib/gcc/arm-none-eabi/10.3.1/thumb/v7e-m+fp/hard/crti.o
                0x000000000800d950                _fini
 .fini          0x000000000800d954        0x8 h:/logiciels/stm32cubeide_1.12.1/stm32cubeide/plugins/com.st.stm32cube.ide.mcu.externaltools.gnu-tools-for-stm32.10.3-2021.10.win32_1.0.200.202301161003/tools/bin/../lib/gcc/arm-none-eabi/10.3.1/thumb/v7e-m+fp/hard/crtn.o
                0x000000000800d95c                . = ALIGN (0x4)
                0x000000000800d95c                _etext = .

.vfp11_veneer   0x000000000800d95c        0x0
 .vfp11_veneer  0x000000000800d95c        0x0 linker stubs

.v4_bx          0x000000000800d95c        0x0
 .v4_bx         0x000000000800d95c        0x0 linker stubs

.iplt           0x000000000800d95c        0x0
 .iplt          0x000000000800d95c        0x0 h:/logiciels/stm32cubeide_1.12.1/stm32cubeide/plugins/com.st.stm32cube.ide.mcu.externaltools.gnu-tools-for-stm32.10.3-2021.10.win32_1.0.200.202301161003/tools/bin/../lib/gcc/arm-none-eabi/10.3.1/thumb/v7e-m+fp/hard/crtbegin.o

.rodata         0x000000000800d95c       0x4c
                0x000000000800d95c                . = ALIGN (0x4)
 *(.rodata)
 .rodata        0x000000000800d95c        0x4 ./Middlewares/ST/STM32_USB_Host_Library/Class/CDC/Src/usbh_cdc.o
 *(.rodata*)
 .rodata.AHBPrescTable
                0x000000000800d960       0x10 ./Src/system_stm32l4xx.o
                0x000000000800d960                AHBPrescTable
 .rodata.APBPrescTable
                0x000000000800d970        0x8 ./Src/system_stm32l4xx.o
                0x000000000800d970                APBPrescTable
 .rodata.MSIRangeTable
                0x000000000800d978       0x30 ./Src/system_stm32l4xx.o
                0x000000000800d978                MSIRangeTable
                0x000000000800d9a8                . = ALIGN (0x4)

.ARM.extab      0x000000000800d9a8        0x0
                0x000000000800d9a8                . = ALIGN (0x4)
 *(.ARM.extab* .gnu.linkonce.armextab.*)
                0x000000000800d9a8                . = ALIGN (0x4)

.ARM            0x000000000800d9a8        0x8
                0x000000000800d9a8                . = ALIGN (0x4)
                0x000000000800d9a8                __exidx_start = .
 *(.ARM.exidx*)
 .ARM.exidx     0x000000000800d9a8        0x8 h:/logiciels/stm32cubeide_1.12.1/stm32cubeide/plugins/com.st.stm32cube.ide.mcu.externaltools.gnu-tools-for-stm32.10.3-2021.10.win32_1.0.200.202301161003/tools/bin/../lib/gcc/arm-none-eabi/10.3.1/thumb/v7e-m+fp/hard\libgcc.a(_udivmoddi4.o)
                0x000000000800d9b0                __exidx_end = .
                0x000000000800d9b0                . = ALIGN (0x4)

.rel.dyn        0x000000000800d9b0        0x0
 .rel.iplt      0x000000000800d9b0        0x0 h:/logiciels/stm32cubeide_1.12.1/stm32cubeide/plugins/com.st.stm32cube.ide.mcu.externaltools.gnu-tools-for-stm32.10.3-2021.10.win32_1.0.200.202301161003/tools/bin/../lib/gcc/arm-none-eabi/10.3.1/thumb/v7e-m+fp/hard/crtbegin.o

.preinit_array  0x000000000800d9b0        0x0
                0x000000000800d9b0                . = ALIGN (0x4)
                0x000000000800d9b0                PROVIDE (__preinit_array_start = .)
 *(.preinit_array*)
                0x000000000800d9b0                PROVIDE (__preinit_array_end = .)
                0x000000000800d9b0                . = ALIGN (0x4)

.init_array     0x000000000800d9b0        0x4
                0x000000000800d9b0                . = ALIGN (0x4)
                0x000000000800d9b0                PROVIDE (__init_array_start = .)
 *(SORT_BY_NAME(.init_array.*))
 *(.init_array*)
 .init_array    0x000000000800d9b0        0x4 h:/logiciels/stm32cubeide_1.12.1/stm32cubeide/plugins/com.st.stm32cube.ide.mcu.externaltools.gnu-tools-for-stm32.10.3-2021.10.win32_1.0.200.202301161003/tools/bin/../lib/gcc/arm-none-eabi/10.3.1/thumb/v7e-m+fp/hard/crtbegin.o
                0x000000000800d9b4                PROVIDE (__init_array_end = .)
                0x000000000800d9b4                . = ALIGN (0x4)

.fini_array     0x000000000800d9b4        0x4
                0x000000000800d9b4                . = ALIGN (0x4)
                [!provide]                        PROVIDE (__fini_array_start = .)
 *(SORT_BY_NAME(.fini_array.*))
 *(.fini_array*)
 .fini_array    0x000000000800d9b4        0x4 h:/logiciels/stm32cubeide_1.12.1/stm32cubeide/plugins/com.st.stm32cube.ide.mcu.externaltools.gnu-tools-for-stm32.10.3-2021.10.win32_1.0.200.202301161003/tools/bin/../lib/gcc/arm-none-eabi/10.3.1/thumb/v7e-m+fp/hard/crtbegin.o
                [!provide]                        PROVIDE (__fini_array_end = .)
                0x000000000800d9b8                . = ALIGN (0x4)
                0x000000000800d9b8                _sidata = LOADADDR (.data)

.data           0x0000000020000000       0x90 load address 0x000000000800d9b8
                0x0000000020000000                . = ALIGN (0x4)
                0x0000000020000000                _sdata = .
 *(.data)
 *(.data*)
 .data.uwTickPrio
                0x0000000020000000        0x4 ./Drivers/STM32L4xx_HAL_Driver/Src/stm32l4xx_hal.o
                0x0000000020000000                uwTickPrio
 .data.uwTickFreq
                0x0000000020000004        0x1 ./Drivers/STM32L4xx_HAL_Driver/Src/stm32l4xx_hal.o
                0x0000000020000004                uwTickFreq
 *fill*         0x0000000020000005        0x3 
 .data.CDC_Class
                0x0000000020000008       0x20 ./Middlewares/ST/STM32_USB_Host_Library/Class/CDC/Src/usbh_cdc.o
                0x0000000020000008                CDC_Class
 .data.SystemCoreClock
                0x0000000020000028        0x4 ./Src/system_stm32l4xx.o
                0x0000000020000028                SystemCoreClock
 .data._impure_ptr
                0x000000002000002c        0x4 h:/logiciels/stm32cubeide_1.12.1/stm32cubeide/plugins/com.st.stm32cube.ide.mcu.externaltools.gnu-tools-for-stm32.10.3-2021.10.win32_1.0.200.202301161003/tools/bin/../lib/gcc/arm-none-eabi/10.3.1/../../../../arm-none-eabi/lib/thumb/v7e-m+fp/hard\libc_nano.a(lib_a-impure.o)
                0x000000002000002c                _impure_ptr
 .data.impure_data
                0x0000000020000030       0x60 h:/logiciels/stm32cubeide_1.12.1/stm32cubeide/plugins/com.st.stm32cube.ide.mcu.externaltools.gnu-tools-for-stm32.10.3-2021.10.win32_1.0.200.202301161003/tools/bin/../lib/gcc/arm-none-eabi/10.3.1/../../../../arm-none-eabi/lib/thumb/v7e-m+fp/hard\libc_nano.a(lib_a-impure.o)
 *(.RamFunc)
 *(.RamFunc*)
                0x0000000020000090                . = ALIGN (0x4)
                0x0000000020000090                _edata = .

.igot.plt       0x0000000020000090        0x0 load address 0x000000000800da48
 .igot.plt      0x0000000020000090        0x0 h:/logiciels/stm32cubeide_1.12.1/stm32cubeide/plugins/com.st.stm32cube.ide.mcu.externaltools.gnu-tools-for-stm32.10.3-2021.10.win32_1.0.200.202301161003/tools/bin/../lib/gcc/arm-none-eabi/10.3.1/thumb/v7e-m+fp/hard/crtbegin.o
                0x0000000020000090                . = ALIGN (0x4)

.bss            0x0000000020000090      0xc8c load address 0x000000000800da48
                0x0000000020000090                _sbss = .
                0x0000000020000090                __bss_start__ = _sbss
 *(.bss)
 .bss           0x0000000020000090       0x1c h:/logiciels/stm32cubeide_1.12.1/stm32cubeide/plugins/com.st.stm32cube.ide.mcu.externaltools.gnu-tools-for-stm32.10.3-2021.10.win32_1.0.200.202301161003/tools/bin/../lib/gcc/arm-none-eabi/10.3.1/thumb/v7e-m+fp/hard/crtbegin.o
 *(.bss*)
 .bss.uwTick    0x00000000200000ac        0x4 ./Drivers/STM32L4xx_HAL_Driver/Src/stm32l4xx_hal.o
                0x00000000200000ac                uwTick
 .bss.uwNORMemoryDataWidth
                0x00000000200000b0        0x4 ./Drivers/STM32L4xx_HAL_Driver/Src/stm32l4xx_hal_nor.o
 .bss.hadc1     0x00000000200000b4       0x64 ./Src/main.o
                0x00000000200000b4                hadc1
 .bss.hcan1     0x0000000020000118       0x28 ./Src/main.o
                0x0000000020000118                hcan1
 .bss.hcomp2    0x0000000020000140       0x2c ./Src/main.o
                0x0000000020000140                hcomp2
 .bss.hdac1     0x000000002000016c       0x14 ./Src/main.o
                0x000000002000016c                hdac1
 .bss.hi2c1     0x0000000020000180       0x54 ./Src/main.o
                0x0000000020000180                hi2c1
 .bss.hlpuart1  0x00000000200001d4       0x84 ./Src/main.o
                0x00000000200001d4                hlpuart1
 .bss.huart1    0x0000000020000258       0x84 ./Src/main.o
                0x0000000020000258                huart1
 .bss.hsmartcard3
                0x00000000200002dc       0x80 ./Src/main.o
                0x00000000200002dc                hsmartcard3
 .bss.hopamp1   0x000000002000035c       0x34 ./Src/main.o
                0x000000002000035c                hopamp1
 .bss.hsai_BlockA1
                0x0000000020000390       0x84 ./Src/main.o
                0x0000000020000390                hsai_BlockA1
 .bss.hsai_BlockB1
                0x0000000020000414       0x84 ./Src/main.o
                0x0000000020000414                hsai_BlockB1
 .bss.hsd1      0x0000000020000498       0x84 ./Src/main.o
                0x0000000020000498                hsd1
 .bss.hspi2     0x000000002000051c       0x64 ./Src/main.o
                0x000000002000051c                hspi2
 .bss.hnor1     0x0000000020000580       0x50 ./Src/main.o
                0x0000000020000580                hnor1
 .bss.hsram2    0x00000000200005d0       0x50 ./Src/main.o
                0x00000000200005d0                hsram2
 .bss.FMC_Initialized
                0x0000000020000620        0x4 ./Src/stm32l4xx_hal_msp.o
 .bss.SAI1_client
                0x0000000020000624        0x4 ./Src/stm32l4xx_hal_msp.o
 .bss.__sbrk_heap_end
                0x0000000020000628        0x4 ./Src/sysmem.o
 .bss.hUsbHostFS
                0x000000002000062c      0x3d8 ./Src/usb_host.o
                0x000000002000062c                hUsbHostFS
 .bss.Appli_state
                0x0000000020000a04        0x1 ./Src/usb_host.o
                0x0000000020000a04                Appli_state
 *fill*         0x0000000020000a05        0x3 
 .bss.hhcd_USB_OTG_FS
                0x0000000020000a08      0x304 ./Src/usbh_conf.o
                0x0000000020000a08                hhcd_USB_OTG_FS
 .bss.__malloc_free_list
                0x0000000020000d0c        0x4 h:/logiciels/stm32cubeide_1.12.1/stm32cubeide/plugins/com.st.stm32cube.ide.mcu.externaltools.gnu-tools-for-stm32.10.3-2021.10.win32_1.0.200.202301161003/tools/bin/../lib/gcc/arm-none-eabi/10.3.1/../../../../arm-none-eabi/lib/thumb/v7e-m+fp/hard\libc_nano.a(lib_a-nano-mallocr.o)
                0x0000000020000d0c                __malloc_free_list
 .bss.__malloc_sbrk_start
                0x0000000020000d10        0x4 h:/logiciels/stm32cubeide_1.12.1/stm32cubeide/plugins/com.st.stm32cube.ide.mcu.externaltools.gnu-tools-for-stm32.10.3-2021.10.win32_1.0.200.202301161003/tools/bin/../lib/gcc/arm-none-eabi/10.3.1/../../../../arm-none-eabi/lib/thumb/v7e-m+fp/hard\libc_nano.a(lib_a-nano-mallocr.o)
                0x0000000020000d10                __malloc_sbrk_start
 .bss.errno     0x0000000020000d14        0x4 h:/logiciels/stm32cubeide_1.12.1/stm32cubeide/plugins/com.st.stm32cube.ide.mcu.externaltools.gnu-tools-for-stm32.10.3-2021.10.win32_1.0.200.202301161003/tools/bin/../lib/gcc/arm-none-eabi/10.3.1/../../../../arm-none-eabi/lib/thumb/v7e-m+fp/hard\libc_nano.a(lib_a-reent.o)
                0x0000000020000d14                errno
 .bss.__lock___malloc_recursive_mutex
                0x0000000020000d18        0x1 h:/logiciels/stm32cubeide_1.12.1/stm32cubeide/plugins/com.st.stm32cube.ide.mcu.externaltools.gnu-tools-for-stm32.10.3-2021.10.win32_1.0.200.202301161003/tools/bin/../lib/gcc/arm-none-eabi/10.3.1/../../../../arm-none-eabi/lib/thumb/v7e-m+fp/hard\libc_nano.a(lib_a-lock.o)
                0x0000000020000d18                __lock___malloc_recursive_mutex
 *(COMMON)
                0x0000000020000d1c                . = ALIGN (0x4)
 *fill*         0x0000000020000d19        0x3 
                0x0000000020000d1c                _ebss = .
                0x0000000020000d1c                __bss_end__ = _ebss

._user_heap_stack
                0x0000000020000d1c      0x604 load address 0x000000000800da48
                0x0000000020000d20                . = ALIGN (0x8)
 *fill*         0x0000000020000d1c        0x4 
                [!provide]                        PROVIDE (end = .)
                0x0000000020000d20                PROVIDE (_end = .)
                0x0000000020000f20                . = (. + _Min_Heap_Size)
 *fill*         0x0000000020000d20      0x200 
                0x0000000020001320                . = (. + _Min_Stack_Size)
 *fill*         0x0000000020000f20      0x400 
                0x0000000020001320                . = ALIGN (0x8)

/DISCARD/
 libc.a(*)
 libm.a(*)
 libgcc.a(*)

.ARM.attributes
                0x0000000000000000       0x30
 *(.ARM.attributes)
 .ARM.attributes
                0x0000000000000000       0x1e h:/logiciels/stm32cubeide_1.12.1/stm32cubeide/plugins/com.st.stm32cube.ide.mcu.externaltools.gnu-tools-for-stm32.10.3-2021.10.win32_1.0.200.202301161003/tools/bin/../lib/gcc/arm-none-eabi/10.3.1/thumb/v7e-m+fp/hard/crti.o
 .ARM.attributes
                0x000000000000001e       0x34 h:/logiciels/stm32cubeide_1.12.1/stm32cubeide/plugins/com.st.stm32cube.ide.mcu.externaltools.gnu-tools-for-stm32.10.3-2021.10.win32_1.0.200.202301161003/tools/bin/../lib/gcc/arm-none-eabi/10.3.1/thumb/v7e-m+fp/hard/crtbegin.o
 .ARM.attributes
                0x0000000000000052       0x34 ./Drivers/STM32L4xx_HAL_Driver/Src/stm32l4xx_hal.o
 .ARM.attributes
                0x0000000000000086       0x34 ./Drivers/STM32L4xx_HAL_Driver/Src/stm32l4xx_hal_adc.o
 .ARM.attributes
                0x00000000000000ba       0x34 ./Drivers/STM32L4xx_HAL_Driver/Src/stm32l4xx_hal_adc_ex.o
 .ARM.attributes
                0x00000000000000ee       0x34 ./Drivers/STM32L4xx_HAL_Driver/Src/stm32l4xx_hal_can.o
 .ARM.attributes
                0x0000000000000122       0x34 ./Drivers/STM32L4xx_HAL_Driver/Src/stm32l4xx_hal_comp.o
 .ARM.attributes
                0x0000000000000156       0x34 ./Drivers/STM32L4xx_HAL_Driver/Src/stm32l4xx_hal_cortex.o
 .ARM.attributes
                0x000000000000018a       0x34 ./Drivers/STM32L4xx_HAL_Driver/Src/stm32l4xx_hal_dac.o
 .ARM.attributes
                0x00000000000001be       0x34 ./Drivers/STM32L4xx_HAL_Driver/Src/stm32l4xx_hal_gpio.o
 .ARM.attributes
                0x00000000000001f2       0x34 ./Drivers/STM32L4xx_HAL_Driver/Src/stm32l4xx_hal_hcd.o
 .ARM.attributes
                0x0000000000000226       0x34 ./Drivers/STM32L4xx_HAL_Driver/Src/stm32l4xx_hal_i2c.o
 .ARM.attributes
                0x000000000000025a       0x34 ./Drivers/STM32L4xx_HAL_Driver/Src/stm32l4xx_hal_i2c_ex.o
 .ARM.attributes
                0x000000000000028e       0x34 ./Drivers/STM32L4xx_HAL_Driver/Src/stm32l4xx_hal_nor.o
 .ARM.attributes
                0x00000000000002c2       0x34 ./Drivers/STM32L4xx_HAL_Driver/Src/stm32l4xx_hal_opamp.o
 .ARM.attributes
                0x00000000000002f6       0x34 ./Drivers/STM32L4xx_HAL_Driver/Src/stm32l4xx_hal_pwr_ex.o
 .ARM.attributes
                0x000000000000032a       0x34 ./Drivers/STM32L4xx_HAL_Driver/Src/stm32l4xx_hal_rcc.o
 .ARM.attributes
                0x000000000000035e       0x34 ./Drivers/STM32L4xx_HAL_Driver/Src/stm32l4xx_hal_rcc_ex.o
 .ARM.attributes
                0x0000000000000392       0x34 ./Drivers/STM32L4xx_HAL_Driver/Src/stm32l4xx_hal_sai.o
 .ARM.attributes
                0x00000000000003c6       0x34 ./Drivers/STM32L4xx_HAL_Driver/Src/stm32l4xx_hal_sd.o
 .ARM.attributes
                0x00000000000003fa       0x34 ./Drivers/STM32L4xx_HAL_Driver/Src/stm32l4xx_hal_smartcard.o
 .ARM.attributes
                0x000000000000042e       0x34 ./Drivers/STM32L4xx_HAL_Driver/Src/stm32l4xx_hal_spi.o
 .ARM.attributes
                0x0000000000000462       0x34 ./Drivers/STM32L4xx_HAL_Driver/Src/stm32l4xx_hal_sram.o
 .ARM.attributes
                0x0000000000000496       0x34 ./Drivers/STM32L4xx_HAL_Driver/Src/stm32l4xx_hal_uart.o
 .ARM.attributes
                0x00000000000004ca       0x34 ./Drivers/STM32L4xx_HAL_Driver/Src/stm32l4xx_ll_fmc.o
 .ARM.attributes
                0x00000000000004fe       0x34 ./Drivers/STM32L4xx_HAL_Driver/Src/stm32l4xx_ll_sdmmc.o
 .ARM.attributes
                0x0000000000000532       0x34 ./Drivers/STM32L4xx_HAL_Driver/Src/stm32l4xx_ll_usb.o
 .ARM.attributes
                0x0000000000000566       0x34 ./Middlewares/ST/STM32_USB_Host_Library/Class/CDC/Src/usbh_cdc.o
 .ARM.attributes
                0x000000000000059a       0x34 ./Middlewares/ST/STM32_USB_Host_Library/Core/Src/usbh_core.o
 .ARM.attributes
                0x00000000000005ce       0x34 ./Middlewares/ST/STM32_USB_Host_Library/Core/Src/usbh_ctlreq.o
 .ARM.attributes
                0x0000000000000602       0x34 ./Middlewares/ST/STM32_USB_Host_Library/Core/Src/usbh_ioreq.o
 .ARM.attributes
                0x0000000000000636       0x34 ./Middlewares/ST/STM32_USB_Host_Library/Core/Src/usbh_pipes.o
 .ARM.attributes
                0x000000000000066a       0x34 ./Src/main.o
 .ARM.attributes
                0x000000000000069e       0x34 ./Src/stm32l4xx_hal_msp.o
 .ARM.attributes
                0x00000000000006d2       0x34 ./Src/stm32l4xx_it.o
 .ARM.attributes
                0x0000000000000706       0x34 ./Src/sysmem.o
 .ARM.attributes
                0x000000000000073a       0x34 ./Src/system_stm32l4xx.o
 .ARM.attributes
                0x000000000000076e       0x34 ./Src/usb_host.o
 .ARM.attributes
                0x00000000000007a2       0x34 ./Src/usbh_conf.o
 .ARM.attributes
                0x00000000000007d6       0x34 ./Src/usbh_platform.o
 .ARM.attributes
                0x000000000000080a       0x21 ./Startup/startup_stm32l476zgtx.o
 .ARM.attributes
                0x000000000000082b       0x34 h:/logiciels/stm32cubeide_1.12.1/stm32cubeide/plugins/com.st.stm32cube.ide.mcu.externaltools.gnu-tools-for-stm32.10.3-2021.10.win32_1.0.200.202301161003/tools/bin/../lib/gcc/arm-none-eabi/10.3.1/../../../../arm-none-eabi/lib/thumb/v7e-m+fp/hard\libc_nano.a(lib_a-errno.o)
 .ARM.attributes
                0x000000000000085f       0x34 h:/logiciels/stm32cubeide_1.12.1/stm32cubeide/plugins/com.st.stm32cube.ide.mcu.externaltools.gnu-tools-for-stm32.10.3-2021.10.win32_1.0.200.202301161003/tools/bin/../lib/gcc/arm-none-eabi/10.3.1/../../../../arm-none-eabi/lib/thumb/v7e-m+fp/hard\libc_nano.a(lib_a-impure.o)
 .ARM.attributes
                0x0000000000000893       0x34 h:/logiciels/stm32cubeide_1.12.1/stm32cubeide/plugins/com.st.stm32cube.ide.mcu.externaltools.gnu-tools-for-stm32.10.3-2021.10.win32_1.0.200.202301161003/tools/bin/../lib/gcc/arm-none-eabi/10.3.1/../../../../arm-none-eabi/lib/thumb/v7e-m+fp/hard\libc_nano.a(lib_a-init.o)
 .ARM.attributes
                0x00000000000008c7       0x34 h:/logiciels/stm32cubeide_1.12.1/stm32cubeide/plugins/com.st.stm32cube.ide.mcu.externaltools.gnu-tools-for-stm32.10.3-2021.10.win32_1.0.200.202301161003/tools/bin/../lib/gcc/arm-none-eabi/10.3.1/../../../../arm-none-eabi/lib/thumb/v7e-m+fp/hard\libc_nano.a(lib_a-malloc.o)
 .ARM.attributes
                0x00000000000008fb       0x34 h:/logiciels/stm32cubeide_1.12.1/stm32cubeide/plugins/com.st.stm32cube.ide.mcu.externaltools.gnu-tools-for-stm32.10.3-2021.10.win32_1.0.200.202301161003/tools/bin/../lib/gcc/arm-none-eabi/10.3.1/../../../../arm-none-eabi/lib/thumb/v7e-m+fp/hard\libc_nano.a(lib_a-memset.o)
 .ARM.attributes
                0x000000000000092f       0x34 h:/logiciels/stm32cubeide_1.12.1/stm32cubeide/plugins/com.st.stm32cube.ide.mcu.externaltools.gnu-tools-for-stm32.10.3-2021.10.win32_1.0.200.202301161003/tools/bin/../lib/gcc/arm-none-eabi/10.3.1/../../../../arm-none-eabi/lib/thumb/v7e-m+fp/hard\libc_nano.a(lib_a-nano-freer.o)
 .ARM.attributes
                0x0000000000000963       0x34 h:/logiciels/stm32cubeide_1.12.1/stm32cubeide/plugins/com.st.stm32cube.ide.mcu.externaltools.gnu-tools-for-stm32.10.3-2021.10.win32_1.0.200.202301161003/tools/bin/../lib/gcc/arm-none-eabi/10.3.1/../../../../arm-none-eabi/lib/thumb/v7e-m+fp/hard\libc_nano.a(lib_a-nano-mallocr.o)
 .ARM.attributes
                0x0000000000000997       0x34 h:/logiciels/stm32cubeide_1.12.1/stm32cubeide/plugins/com.st.stm32cube.ide.mcu.externaltools.gnu-tools-for-stm32.10.3-2021.10.win32_1.0.200.202301161003/tools/bin/../lib/gcc/arm-none-eabi/10.3.1/../../../../arm-none-eabi/lib/thumb/v7e-m+fp/hard\libc_nano.a(lib_a-sbrkr.o)
 .ARM.attributes
                0x00000000000009cb       0x34 h:/logiciels/stm32cubeide_1.12.1/stm32cubeide/plugins/com.st.stm32cube.ide.mcu.externaltools.gnu-tools-for-stm32.10.3-2021.10.win32_1.0.200.202301161003/tools/bin/../lib/gcc/arm-none-eabi/10.3.1/../../../../arm-none-eabi/lib/thumb/v7e-m+fp/hard\libc_nano.a(lib_a-mlock.o)
 .ARM.attributes
                0x00000000000009ff       0x34 h:/logiciels/stm32cubeide_1.12.1/stm32cubeide/plugins/com.st.stm32cube.ide.mcu.externaltools.gnu-tools-for-stm32.10.3-2021.10.win32_1.0.200.202301161003/tools/bin/../lib/gcc/arm-none-eabi/10.3.1/../../../../arm-none-eabi/lib/thumb/v7e-m+fp/hard\libc_nano.a(lib_a-reent.o)
 .ARM.attributes
                0x0000000000000a33       0x34 h:/logiciels/stm32cubeide_1.12.1/stm32cubeide/plugins/com.st.stm32cube.ide.mcu.externaltools.gnu-tools-for-stm32.10.3-2021.10.win32_1.0.200.202301161003/tools/bin/../lib/gcc/arm-none-eabi/10.3.1/../../../../arm-none-eabi/lib/thumb/v7e-m+fp/hard\libc_nano.a(lib_a-lock.o)
 .ARM.attributes
                0x0000000000000a67       0x1e h:/logiciels/stm32cubeide_1.12.1/stm32cubeide/plugins/com.st.stm32cube.ide.mcu.externaltools.gnu-tools-for-stm32.10.3-2021.10.win32_1.0.200.202301161003/tools/bin/../lib/gcc/arm-none-eabi/10.3.1/thumb/v7e-m+fp/hard\libgcc.a(_aeabi_uldivmod.o)
 .ARM.attributes
                0x0000000000000a85       0x34 h:/logiciels/stm32cubeide_1.12.1/stm32cubeide/plugins/com.st.stm32cube.ide.mcu.externaltools.gnu-tools-for-stm32.10.3-2021.10.win32_1.0.200.202301161003/tools/bin/../lib/gcc/arm-none-eabi/10.3.1/thumb/v7e-m+fp/hard\libgcc.a(_udivmoddi4.o)
 .ARM.attributes
                0x0000000000000ab9       0x1e h:/logiciels/stm32cubeide_1.12.1/stm32cubeide/plugins/com.st.stm32cube.ide.mcu.externaltools.gnu-tools-for-stm32.10.3-2021.10.win32_1.0.200.202301161003/tools/bin/../lib/gcc/arm-none-eabi/10.3.1/thumb/v7e-m+fp/hard\libgcc.a(_dvmd_tls.o)
 .ARM.attributes
                0x0000000000000ad7       0x1e h:/logiciels/stm32cubeide_1.12.1/stm32cubeide/plugins/com.st.stm32cube.ide.mcu.externaltools.gnu-tools-for-stm32.10.3-2021.10.win32_1.0.200.202301161003/tools/bin/../lib/gcc/arm-none-eabi/10.3.1/thumb/v7e-m+fp/hard/crtn.o
OUTPUT(stm32UnitTests.elf elf32-littlearm)
LOAD linker stubs
LOAD h:/logiciels/stm32cubeide_1.12.1/stm32cubeide/plugins/com.st.stm32cube.ide.mcu.externaltools.gnu-tools-for-stm32.10.3-2021.10.win32_1.0.200.202301161003/tools/bin/../lib/gcc/arm-none-eabi/10.3.1/../../../../arm-none-eabi/lib/thumb/v7e-m+fp/hard\libc.a
LOAD h:/logiciels/stm32cubeide_1.12.1/stm32cubeide/plugins/com.st.stm32cube.ide.mcu.externaltools.gnu-tools-for-stm32.10.3-2021.10.win32_1.0.200.202301161003/tools/bin/../lib/gcc/arm-none-eabi/10.3.1/../../../../arm-none-eabi/lib/thumb/v7e-m+fp/hard\libm.a
LOAD h:/logiciels/stm32cubeide_1.12.1/stm32cubeide/plugins/com.st.stm32cube.ide.mcu.externaltools.gnu-tools-for-stm32.10.3-2021.10.win32_1.0.200.202301161003/tools/bin/../lib/gcc/arm-none-eabi/10.3.1/thumb/v7e-m+fp/hard\libgcc.a

.debug_info     0x0000000000000000    0x2c3ea
 .debug_info    0x0000000000000000      0xb35 ./Drivers/STM32L4xx_HAL_Driver/Src/stm32l4xx_hal.o
 .debug_info    0x0000000000000b35     0x1e84 ./Drivers/STM32L4xx_HAL_Driver/Src/stm32l4xx_hal_adc.o
 .debug_info    0x00000000000029b9     0x1beb ./Drivers/STM32L4xx_HAL_Driver/Src/stm32l4xx_hal_adc_ex.o
 .debug_info    0x00000000000045a4     0x102c ./Drivers/STM32L4xx_HAL_Driver/Src/stm32l4xx_hal_can.o
 .debug_info    0x00000000000055d0      0x9cc ./Drivers/STM32L4xx_HAL_Driver/Src/stm32l4xx_hal_comp.o
 .debug_info    0x0000000000005f9c      0xe21 ./Drivers/STM32L4xx_HAL_Driver/Src/stm32l4xx_hal_cortex.o
 .debug_info    0x0000000000006dbd      0xb17 ./Drivers/STM32L4xx_HAL_Driver/Src/stm32l4xx_hal_dac.o
 .debug_info    0x00000000000078d4      0x821 ./Drivers/STM32L4xx_HAL_Driver/Src/stm32l4xx_hal_gpio.o
 .debug_info    0x00000000000080f5     0x1117 ./Drivers/STM32L4xx_HAL_Driver/Src/stm32l4xx_hal_hcd.o
 .debug_info    0x000000000000920c     0x2232 ./Drivers/STM32L4xx_HAL_Driver/Src/stm32l4xx_hal_i2c.o